
> frontend@0.1.0 dev
> next dev

▲ Next.js 16.1.6 (Turbopack)
- Local:         http://localhost:3000
- Network:       http://10.110.49.81:3000
- Environments: .env.local
- Experiments (use with caution):
  · optimizePackageImports

✓ Starting...
⚠ The "middleware" file convention is deprecated. Please use "proxy" instead. Learn more: https://nextjs.org/docs/messages/middleware-to-proxy
[email] provider=smtp, sender=bhoomidwellers.noreply@gmail.com
✓ Ready in 3.5s
(node:24336) Warning: SECURITY WARNING: The SSL modes 'prefer', 'require', and 'verify-ca' are treated as aliases for 'verify-full'.
In the next major version (pg-connection-string v3.0.0 and pg v9.0.0), these modes will adopt standard libpq semantics, which have weaker security guarantees.

To prepare for this change:
- If you want the current behavior, explicitly use 'sslmode=verify-full'
- If you want libpq compatibility now, use 'uselibpqcompat=true&sslmode=require'

See https://www.postgresql.org/docs/current/libpq-ssl.html for libpq SSL mode definitions.
(Use `node --trace-warnings ...` to show where the warning was created)
 POST /api/auth/login 200 in 1605ms (compile: 433ms, render: 1173ms)
 POST /api/auth/login 200 in 1188ms (compile: 4ms, render: 1185ms)
 POST /api/auth/login 200 in 394ms (compile: 4ms, render: 390ms)
 GET /api/employees 401 in 67ms (compile: 60ms, render: 8ms)
 GET /api/settings/employees 401 in 75ms (compile: 62ms, render: 13ms)
 GET /api/settings/api-keys 401 in 62ms (compile: 54ms, render: 9ms)
 GET /api/roles 401 in 62ms (compile: 54ms, render: 8ms)
 GET /api/revenue-intelligence 401 in 64ms (compile: 56ms, render: 8ms)
 GET /api/attendance/live 401 in 69ms (compile: 59ms, render: 9ms)
 GET /api/attendance/report 401 in 67ms (compile: 55ms, render: 12ms)
 GET /api/debug-attendance 401 in 52ms (compile: 43ms, render: 9ms)
 GET /api/settings/working-hours 401 in 75ms (compile: 52ms, render: 22ms)
 GET /api/settings/lead-sorting 401 in 50ms (compile: 45ms, render: 6ms)
 GET /api/settings/sm-upload 401 in 53ms (compile: 44ms, render: 10ms)
 GET /api/inventory/building?project_name=x&tower=y 401 in 62ms (compile: 54ms, render: 8ms)
 GET /api/walkin_enquiries/1/tranches 401 in 1117ms (compile: 1102ms, render: 15ms)
 GET /api/booking-details/1 401 in 1056ms (compile: 1042ms, render: 14ms)
 GET /api/booking-documents/1 401 in 1478ms (compile: 1457ms, render: 21ms)
 POST /api/revenue-chat 401 in 59ms (compile: 40ms, render: 19ms)
 POST /api/attendance/force-logout 401 in 45ms (compile: 39ms, render: 6ms)
 GET /api/employees 403 in 16ms (compile: 4ms, render: 12ms)
 GET /api/settings/api-keys 403 in 7ms (compile: 1862µs, render: 5ms)
 POST /api/attendance/force-logout 401 in 20ms (compile: 1970µs, render: 18ms)
 GET /api/inventory/building?project_name=x&tower=y 403 in 14ms (compile: 1790µs, render: 12ms)
 GET /api/employees 403 in 14ms (compile: 2ms, render: 11ms)
 GET /api/settings/api-keys 403 in 15ms (compile: 2ms, render: 13ms)
 POST /api/attendance/force-logout 401 in 13ms (compile: 1810µs, render: 11ms)
 GET /api/inventory/building?project_name=x&tower=y 403 in 15ms (compile: 2ms, render: 13ms)
 GET /api/employees 200 in 120ms (compile: 2ms, render: 118ms)
 GET /api/settings/api-keys 200 in 152ms (compile: 3ms, render: 150ms)
 POST /api/auth/login 200 in 467ms (compile: 2ms, render: 465ms)
 GET /api/employees 200 in 106ms (compile: 2ms, render: 104ms)
 GET /api/settings/api-keys 200 in 143ms (compile: 2ms, render: 140ms)
 GET /api/walkin_enquiries 200 in 269ms (compile: 61ms, render: 207ms)
 GET /api/walkin_enquiries?organization_id=00000000-0000-4000-8000-0000000000ff 200 in 130ms (compile: 2ms, render: 128ms)
 GET /api/walkin_enquiries?organizationId=00000000-0000-4000-8000-0000000000ff 200 in 223ms (compile: 2ms, render: 221ms)
 GET /api/walkin_enquiries?orgId=00000000-0000-4000-8000-0000000000ff 200 in 139ms (compile: 3ms, render: 136ms)
 GET /api/walkin_enquiries?tenant_id=00000000-0000-4000-8000-0000000000ff 200 in 139ms (compile: 2ms, render: 137ms)
 GET /api/walkin_enquiries?tenantId=00000000-0000-4000-8000-0000000000ff 200 in 211ms (compile: 2ms, render: 209ms)
 GET /api/walkin_enquiries 200 in 145ms (compile: 3ms, render: 142ms)
 GET /api/walkin_enquiries 200 in 114ms (compile: 2ms, render: 112ms)
 GET /api/walkin_enquiries 200 in 146ms (compile: 1946µs, render: 144ms)
 GET /api/walkin_enquiries 200 in 121ms (compile: 1686µs, render: 119ms)
 POST /api/walkin_enquiries 400 in 13ms (compile: 1959µs, render: 11ms)
 GET /api/employees 401 in 14ms (compile: 2ms, render: 12ms)
 GET /api/employees 401 in 7ms (compile: 1792µs, render: 5ms)
 GET /api/employees 401 in 20ms (compile: 1690µs, render: 18ms)
 POST /api/auth/logout 200 in 178ms (compile: 46ms, render: 131ms)
 GET /api/v1/leads 401 in 63ms (compile: 58ms, render: 5ms)
 GET /api/v1/employees 401 in 54ms (compile: 50ms, render: 4ms)
 GET /api/v1/bookings 401 in 47ms (compile: 43ms, render: 4ms)
 GET /api/v1/ping 401 in 44ms (compile: 40ms, render: 4ms)
 GET /api/v1/leads 401 in 5ms (compile: 1851µs, render: 3ms)
 GET /api/v1/employees 401 in 6ms (compile: 2ms, render: 3ms)
 GET /api/v1/bookings 401 in 5ms (compile: 1926µs, render: 3ms)
 GET /api/v1/ping 401 in 6ms (compile: 1861µs, render: 4ms)
 GET /api/v1/leads 401 in 5ms (compile: 1891µs, render: 4ms)
 GET /api/v1/employees 401 in 5ms (compile: 1667µs, render: 3ms)
 GET /api/v1/bookings 401 in 5ms (compile: 1859µs, render: 3ms)
 GET /api/v1/ping 401 in 5ms (compile: 1966µs, render: 3ms)
 GET /api/v1/leads 401 in 5ms (compile: 2ms, render: 3ms)
 GET /api/v1/employees 401 in 7ms (compile: 1627µs, render: 5ms)
 GET /api/v1/bookings 401 in 5ms (compile: 2ms, render: 3ms)
 GET /api/v1/ping 401 in 5ms (compile: 1670µs, render: 3ms)
 POST /api/auth/login 200 in 488ms (compile: 1725µs, render: 486ms)
 GET /api/v1/leads 401 in 6ms (compile: 1795µs, render: 4ms)
 POST /api/auth/login 200 in 435ms (compile: 1879µs, render: 433ms)
 GET /api/booking-details/99999999 200 in 662ms (compile: 13ms, render: 648ms)
 GET /api/booking-details/99999998 200 in 690ms (compile: 2ms, render: 688ms)
○ Compiling /dashboard ...
 GET /dashboard 200 in 6.6s (compile: 4.8s, proxy.ts: 575ms, render: 1229ms)
 GET /api/attendance/status?t=1787193579085 200 in 1003ms (compile: 159ms, render: 844ms)
 GET /api/walkin_enquiries/duplicates 200 in 498ms (compile: 101ms, render: 397ms)
 GET /api/users/receptionist 200 in 1037ms (compile: 309ms, render: 729ms)
 GET /api/users/sales-manager 200 in 1137ms (compile: 217ms, render: 920ms)
 GET /api/users/site-head 200 in 1119ms (compile: 256ms, render: 863ms)
 GET /api/bolna/status 200 in 1149ms (compile: 168ms, render: 981ms)
 GET /api/users/update-whatsapp?name=Admin 200 in 205ms (compile: 51ms, render: 154ms)
 GET /api/walkin_enquiries?limit=10000&offset=0 200 in 789ms (compile: 7ms, render: 783ms)
 GET /api/employees 200 in 164ms (compile: 7ms, render: 158ms)
 GET /api/updates?userId=1 200 in 251ms (compile: 85ms, render: 166ms)
 GET /api/users/sales-manager 200 in 155ms (compile: 3ms, render: 152ms)
 GET /api/users/site-head 200 in 140ms (compile: 3ms, render: 138ms)
 GET /api/followups 200 in 1501ms (compile: 348ms, render: 1153ms)
 GET /api/walkin_enquiries/duplicates 200 in 148ms (compile: 3ms, render: 145ms)
 GET /api/users/sales-manager 200 in 144ms (compile: 5ms, render: 138ms)
 GET /api/users/site-head 200 in 143ms (compile: 20ms, render: 123ms)
 GET /api/users/receptionist 200 in 146ms (compile: 24ms, render: 122ms)
 GET /api/attendance/status?t=1787193582772 200 in 154ms (compile: 13ms, render: 140ms)
 GET /api/attendance/status?t=1787193582772 200 in 113ms (compile: 4ms, render: 109ms)
 GET /api/walkin_enquiries?limit=10000&offset=0 200 in 576ms (compile: 30ms, render: 546ms)
 GET /api/followups 200 in 466ms (compile: 4ms, render: 462ms)
 GET /dashboard/employees 200 in 183ms (compile: 129ms, proxy.ts: 10ms, render: 44ms)
 GET /api/leads/lost/events 200 in 4.7s (compile: 51ms, render: 4.7s)
 GET /api/attendance/status?t=1787193586025 200 in 110ms (compile: 4ms, render: 106ms)
 GET /api/employees 200 in 179ms (compile: 64ms, render: 115ms)
 GET /api/users/sales-manager 200 in 130ms (compile: 11ms, render: 119ms)
 GET /api/users/site-head 200 in 123ms (compile: 5ms, render: 118ms)
 GET /api/roles 200 in 120ms (compile: 6ms, render: 114ms)
 GET /api/updates?userId=1 200 in 157ms (compile: 4ms, render: 153ms)
 POST /api/attendance/heartbeat 200 in 417ms (compile: 67ms, render: 349ms)
 POST /api/attendance/heartbeat 200 in 422ms (compile: 76ms, render: 346ms)
SSE auth result: true admin
[SSE] Client connected: soy2s (User: 1). Total: 1
 GET /api/walkin_enquiries 200 in 197ms (compile: 3ms, render: 193ms)
 GET /api/employees 200 in 131ms (compile: 8ms, render: 123ms)
 GET /api/followups 200 in 412ms (compile: 4ms, render: 408ms)
 GET /api/users/site-head 200 in 155ms (compile: 52ms, render: 103ms)
 GET /api/users/sales-manager 200 in 171ms (compile: 49ms, render: 122ms)
 GET /api/roles 200 in 120ms (compile: 3ms, render: 117ms)
 GET /api/updates?userId=1 200 in 113ms (compile: 3ms, render: 110ms)
 GET /api/walkin_enquiries 200 in 224ms (compile: 2ms, render: 221ms)
 GET /api/walkin_enquiries 200 in 141ms (compile: 3ms, render: 138ms)
 GET /api/walkin_enquiries 200 in 127ms (compile: 3ms, render: 124ms)
 GET /api/followups 200 in 501ms (compile: 3ms, render: 498ms)
 GET /api/followups 200 in 140ms (compile: 5ms, render: 135ms)
 GET /api/followups 200 in 144ms (compile: 3ms, render: 141ms)
 GET /api/walkin_enquiries 200 in 225ms (compile: 4ms, render: 221ms)
 GET /api/followups 200 in 410ms (compile: 9ms, render: 401ms)
 GET /api/attendance/status?t=1787193605112 200 in 116ms (compile: 5ms, render: 111ms)
 GET /api/walkin_enquiries 200 in 232ms (compile: 10ms, render: 222ms)
 GET /api/followups 200 in 477ms (compile: 17ms, render: 460ms)
 GET /api/attendance/status?t=1787193608724 200 in 117ms (compile: 5ms, render: 112ms)
 POST /api/attendance/heartbeat 200 in 348ms (compile: 3ms, render: 346ms)
 GET /api/walkin_enquiries 200 in 253ms (compile: 4ms, render: 249ms)
 GET /api/followups 200 in 449ms (compile: 7ms, render: 443ms)
 GET /api/walkin_enquiries 200 in 261ms (compile: 4ms, render: 257ms)
 GET /api/followups 200 in 452ms (compile: 9ms, render: 443ms)
 GET /api/walkin_enquiries 200 in 220ms (compile: 4ms, render: 217ms)
 GET /api/followups 200 in 448ms (compile: 11ms, render: 437ms)
 POST /api/attendance/heartbeat 200 in 353ms (compile: 3ms, render: 350ms)
 GET /api/walkin_enquiries 200 in 171ms (compile: 11ms, render: 160ms)
 GET /api/followups 200 in 468ms (compile: 4ms, render: 464ms)
 GET /api/walkin_enquiries 200 in 1131ms (compile: 6ms, render: 1125ms)
 GET /api/followups 200 in 2.8s (compile: 11ms, render: 2.8s)
 GET /api/walkin_enquiries 200 in 231ms (compile: 4ms, render: 227ms)
 GET /api/followups 200 in 513ms (compile: 10ms, render: 503ms)
 POST /api/attendance/heartbeat 200 in 5.0s (compile: 5ms, render: 5.0s)
GET Enquiries Error: Error: timeout exceeded when trying to connect
    at async query (src\lib\db.ts:72:18)
    at async GET (src\app\api\walkin_enquiries\route.ts:41:31)
  70 |   params?: any[]
  71 | ): Promise<T[]> {
> 72 |   const client = await getPool().connect();
     |                  ^
  73 |   try {
  74 |     const result = await client.query(text, params);
  75 |     return result.rows as T[];
 GET /api/walkin_enquiries 500 in 5.6s (compile: 11ms, render: 5.6s)
 GET /api/followups 200 in 7.9s (compile: 4ms, render: 7.9s)
 GET /api/walkin_enquiries 200 in 253ms (compile: 5ms, render: 248ms)
 GET /api/followups 200 in 573ms (compile: 11ms, render: 562ms)
 GET /api/walkin_enquiries 200 in 8.8s (compile: 8ms, render: 8.8s)
GET Enquiries Error: Error: timeout exceeded when trying to connect
    at async query (src\lib\db.ts:72:18)
    at async GET (src\app\api\walkin_enquiries\route.ts:41:31)
  70 |   params?: any[]
  71 | ): Promise<T[]> {
> 72 |   const client = await getPool().connect();
     |                  ^
  73 |   try {
  74 |     const result = await client.query(text, params);
  75 |     return result.rows as T[];
 GET /api/walkin_enquiries 500 in 5.2s (compile: 3ms, render: 5.2s)
 GET /api/followups 200 in 15.5s (compile: 17ms, render: 15.4s)
 POST /api/attendance/heartbeat 200 in 7.0s (compile: 3ms, render: 7.0s)
 GET /api/followups 200 in 736ms (compile: 3ms, render: 733ms)
 GET /api/walkin_enquiries 200 in 204ms (compile: 5ms, render: 199ms)
 GET /api/followups 200 in 235ms (compile: 10ms, render: 225ms)
 GET /api/walkin_enquiries 200 in 254ms (compile: 11ms, render: 244ms)
 GET /api/followups 200 in 337ms (compile: 3ms, render: 334ms)
 POST /api/attendance/heartbeat 200 in 1900ms (compile: 3ms, render: 1896ms)
 GET /api/walkin_enquiries 200 in 1282ms (compile: 7ms, render: 1275ms)
 GET /api/followups 200 in 3.7s (compile: 3ms, render: 3.7s)
 GET /api/walkin_enquiries 200 in 252ms (compile: 5ms, render: 248ms)
 GET /api/followups 200 in 547ms (compile: 10ms, render: 537ms)
 GET /api/walkin_enquiries 200 in 207ms (compile: 3ms, render: 204ms)
 GET /api/followups 200 in 463ms (compile: 9ms, render: 453ms)
 POST /api/attendance/heartbeat 200 in 354ms (compile: 4ms, render: 350ms)
 GET /api/walkin_enquiries 200 in 1409ms (compile: 5ms, render: 1405ms)
 GET /api/followups 200 in 3.4s (compile: 11ms, render: 3.4s)
 GET /api/walkin_enquiries 200 in 147ms (compile: 6ms, render: 140ms)
 GET /api/followups 200 in 415ms (compile: 14ms, render: 400ms)
 GET /api/walkin_enquiries 200 in 228ms (compile: 4ms, render: 224ms)
 GET /api/followups 200 in 524ms (compile: 9ms, render: 515ms)
 POST /api/attendance/heartbeat 200 in 3.1s (compile: 15ms, render: 3.0s)
 GET /api/walkin_enquiries 200 in 2.1s (compile: 5ms, render: 2.1s)
GET followups error: Error: Connection terminated due to connection timeout
    at async query (src\lib\db.ts:72:18)
    at async GET (src\app\api\followups\route.ts:273:9)
  70 |   params?: any[]
  71 | ): Promise<T[]> {
> 72 |   const client = await getPool().connect();
     |                  ^
  73 |   try {
  74 |     const result = await client.query(text, params);
  75 |     return result.rows as T[]; {
  [cause]: Error: Connection terminated unexpectedly
      at ignore-listed frames
}
 GET /api/followups 500 in 5.2s (compile: 12ms, render: 5.2s)
 GET /api/walkin_enquiries 200 in 256ms (compile: 8ms, render: 247ms)
 GET /api/followups 200 in 429ms (compile: 4ms, render: 426ms)
 GET /api/walkin_enquiries 200 in 232ms (compile: 4ms, render: 227ms)
 GET /api/followups 200 in 416ms (compile: 11ms, render: 405ms)
 GET /api/walkin_enquiries 200 in 927ms (compile: 3ms, render: 925ms)
 POST /api/attendance/heartbeat 200 in 2.6s (compile: 4ms, render: 2.6s)
 GET /api/followups 200 in 4.2s (compile: 8ms, render: 4.2s)
 GET /api/walkin_enquiries 200 in 128ms (compile: 3ms, render: 125ms)
 GET /api/followups 200 in 415ms (compile: 9ms, render: 406ms)
 GET /api/walkin_enquiries 200 in 1046ms (compile: 10ms, render: 1036ms)
 GET /api/followups 200 in 2.7s (compile: 4ms, render: 2.7s)
 POST /api/attendance/heartbeat 200 in 306ms (compile: 4ms, render: 302ms)
 GET /api/walkin_enquiries 200 in 220ms (compile: 3ms, render: 217ms)
 GET /api/followups 200 in 471ms (compile: 5ms, render: 466ms)
 GET /api/walkin_enquiries 200 in 2.1s (compile: 4ms, render: 2.1s)
 GET /api/followups 200 in 2.7s (compile: 11ms, render: 2.7s)
 GET /api/walkin_enquiries 200 in 259ms (compile: 4ms, render: 255ms)
 GET /api/followups 200 in 422ms (compile: 12ms, render: 410ms)
 POST /api/attendance/heartbeat 200 in 646ms (compile: 4ms, render: 642ms)
✓ Compiled in 1004ms
 GET /api/walkin_enquiries 200 in 590ms (compile: 3ms, render: 587ms)
 POST /api/attendance/heartbeat 200 in 1953ms (compile: 3ms, render: 1950ms)
GET followups error: Error: Connection terminated due to connection timeout
    at async query (src\lib\db.ts:72:18)
    at async GET (src\app\api\followups\route.ts:273:9)
  70 |   params?: any[]
  71 | ): Promise<T[]> {
> 72 |   const client = await getPool().connect();
     |                  ^
  73 |   try {
  74 |     const result = await client.query(text, params);
  75 |     return result.rows as T[]; {
  [cause]: Error: Connection terminated unexpectedly
      at ignore-listed frames
}
 GET /api/followups 500 in 5.1s (compile: 8ms, render: 5.1s)
 GET /api/walkin_enquiries 200 in 230ms (compile: 15ms, render: 215ms)
 GET /api/followups 200 in 455ms (compile: 29ms, render: 425ms)
 GET /api/walkin_enquiries 200 in 2.4s (compile: 3ms, render: 2.4s)
 GET /api/followups 200 in 7.3s (compile: 8ms, render: 7.3s)
 POST /api/attendance/heartbeat 200 in 386ms (compile: 50ms, render: 336ms)
✓ Compiled in 888ms
 GET /api/sse/live-activity 200 in 5.7min (compile: 67ms, render: 5.7min)
[SSE] Client disconnected: soy2s. Total: 0
 GET /api/caller-leads/events 200 in 5.7min (compile: 61ms, render: 5.7min)
 GET /api/roles 200 in 468ms (compile: 19ms, render: 449ms)
 GET /api/users/sales-manager 200 in 514ms (compile: 33ms, render: 482ms)
SSE auth result: true admin
[SSE] Client connected: dsp6en (User: 1). Total: 1
 POST /api/attendance/heartbeat 200 in 1802ms (compile: 9ms, render: 1793ms)
 GET /api/followups 200 in 2.7s (compile: 5ms, render: 2.7s)
 GET /api/updates?userId=1 200 in 828ms (compile: 4ms, render: 825ms)
 GET /api/updates?userId=1 200 in 826ms (compile: 4ms, render: 821ms)
GET Enquiries Error: Error: Connection terminated due to connection timeout
    at async query (src\lib\db.ts:72:18)
    at async GET (src\app\api\walkin_enquiries\route.ts:41:31)
  70 |   params?: any[]
  71 | ): Promise<T[]> {
> 72 |   const client = await getPool().connect();
     |                  ^
  73 |   try {
  74 |     const result = await client.query(text, params);
  75 |     return result.rows as T[]; {
  [cause]: Error: Connection terminated unexpectedly
      at ignore-listed frames
}
 GET /api/walkin_enquiries 500 in 5.2s (compile: 18ms, render: 5.1s)
🚨 DB Query Failed in Site Head API: Connection terminated due to connection timeout
 GET /api/users/site-head 500 in 5.2s (compile: 8ms, render: 5.2s)
GET /api/employees error: Error: Connection terminated due to connection timeout
    at async query (src\lib\db.ts:72:18)
    at async GET (src\app\api\employees\route.ts:29:19)
  70 |   params?: any[]
  71 | ): Promise<T[]> {
> 72 |   const client = await getPool().connect();
     |                  ^
  73 |   try {
  74 |     const result = await client.query(text, params);
  75 |     return result.rows as T[]; {
  [cause]: Error: Connection terminated unexpectedly
      at ignore-listed frames
}
 GET /api/employees 500 in 5.5s (compile: 358ms, render: 5.1s)
 GET /api/walkin_enquiries 200 in 143ms (compile: 4ms, render: 140ms)
 GET /api/followups 200 in 432ms (compile: 9ms, render: 423ms)
 GET /api/walkin_enquiries 200 in 924ms (compile: 3ms, render: 921ms)
 GET /api/followups 200 in 1155ms (compile: 7ms, render: 1149ms)
 GET /api/walkin_enquiries 200 in 251ms (compile: 4ms, render: 247ms)
 POST /api/attendance/heartbeat 200 in 364ms (compile: 5ms, render: 359ms)
 GET /api/followups 200 in 1191ms (compile: 10ms, render: 1181ms)
✓ Compiled in 535ms
 POST /api/attendance/heartbeat 200 in 372ms (compile: 4ms, render: 368ms)
 GET /api/walkin_enquiries 200 in 205ms (compile: 3ms, render: 202ms)
 GET /api/followups 200 in 503ms (compile: 7ms, render: 495ms)
 GET /api/walkin_enquiries 200 in 745ms (compile: 384ms, render: 362ms)
 GET /api/followups 200 in 784ms (compile: 261ms, render: 523ms)
 GET /api/walkin_enquiries 200 in 269ms (compile: 9ms, render: 260ms)
 GET /api/followups 200 in 485ms (compile: 20ms, render: 465ms)
 POST /api/attendance/heartbeat 200 in 3.6s (compile: 13ms, render: 3.6s)
 POST /api/attendance/heartbeat 200 in 358ms (compile: 7ms, render: 350ms)
 GET /api/walkin_enquiries 200 in 5.2s (compile: 17ms, render: 5.2s)
 POST /api/attendance/heartbeat 200 in 7.3s (compile: 5ms, render: 7.3s)
 GET /api/followups 200 in 16.3s (compile: 39ms, render: 16.3s)
GET followups error: Error: Connection terminated due to connection timeout
    at async query (src\lib\db.ts:72:18)
    at async GET (src\app\api\followups\route.ts:273:9)
  70 |   params?: any[]
  71 | ): Promise<T[]> {
> 72 |   const client = await getPool().connect();
     |                  ^
  73 |   try {
  74 |     const result = await client.query(text, params);
  75 |     return result.rows as T[]; {
  [cause]: Error: Connection terminated unexpectedly
      at ignore-listed frames
}
 GET /api/followups 500 in 5.6s (compile: 62ms, render: 5.5s)
GET followups error: Error: Connection terminated due to connection timeout
    at async query (src\lib\db.ts:72:18)
    at async GET (src\app\api\followups\route.ts:273:9)
  70 |   params?: any[]
  71 | ): Promise<T[]> {
> 72 |   const client = await getPool().connect();
     |                  ^
  73 |   try {
  74 |     const result = await client.query(text, params);
  75 |     return result.rows as T[]; {
  [cause]: Error: Connection terminated unexpectedly
      at ignore-listed frames
}
 GET /api/followups 500 in 5.2s (compile: 4ms, render: 5.2s)
 GET /api/attendance/status?t=1787194078452 200 in 15.4s (compile: 27ms, render: 15.4s)
GET followups error: Error: Connection terminated due to connection timeout
    at async query (src\lib\db.ts:72:18)
    at async GET (src\app\api\followups\route.ts:273:9)
  70 |   params?: any[]
  71 | ): Promise<T[]> {
> 72 |   const client = await getPool().connect();
     |                  ^
  73 |   try {
  74 |     const result = await client.query(text, params);
  75 |     return result.rows as T[]; {
  [cause]: Error: Connection terminated unexpectedly
      at ignore-listed frames
}
 GET /api/followups 500 in 5.1s (compile: 3ms, render: 5.1s)
Heartbeat error: Error: Connection terminated due to connection timeout
    at async query (src\lib\db.ts:72:18)
    at async POST (src\app\api\attendance\heartbeat\route.ts:34:26)
  70 |   params?: any[]
  71 | ): Promise<T[]> {
> 72 |   const client = await getPool().connect();
     |                  ^
  73 |   try {
  74 |     const result = await client.query(text, params);
  75 |     return result.rows as T[]; {
  [cause]: Error: Connection terminated unexpectedly
      at ignore-listed frames
}
 POST /api/attendance/heartbeat 500 in 5.2s (compile: 4ms, render: 5.2s)
 GET /api/walkin_enquiries 200 in 17.1s (compile: 57ms, render: 17.1s)
 GET /api/walkin_enquiries 200 in 112ms (compile: 5ms, render: 107ms)
 GET /api/walkin_enquiries 200 in 184ms (compile: 4ms, render: 180ms)
 GET /api/walkin_enquiries 200 in 198ms (compile: 4ms, render: 194ms)
 GET /api/followups 200 in 794ms (compile: 8ms, render: 786ms)
 GET /api/walkin_enquiries 200 in 282ms (compile: 8ms, render: 274ms)
 GET /api/followups 200 in 656ms (compile: 4ms, render: 652ms)
 GET /api/walkin_enquiries 200 in 230ms (compile: 8ms, render: 221ms)
 GET /api/followups 200 in 593ms (compile: 3ms, render: 591ms)
 POST /api/attendance/heartbeat 200 in 895ms (compile: 12ms, render: 882ms)
 GET /api/walkin_enquiries 200 in 1621ms (compile: 8ms, render: 1612ms)
 GET /api/followups 200 in 3.4s (compile: 2ms, render: 3.4s)
 GET /api/walkin_enquiries 200 in 123ms (compile: 5ms, render: 119ms)
 GET /api/followups 200 in 444ms (compile: 4ms, render: 440ms)
 GET /api/v1/ping 401 in 15ms (compile: 8ms, render: 6ms)
 GET /api/walkin_enquiries 200 in 1866ms (compile: 3ms, render: 1863ms)
 POST /api/attendance/heartbeat 200 in 3.0s (compile: 7ms, render: 3.0s)
 GET /api/followups 200 in 4.1s (compile: 12ms, render: 4.1s)
 GET /api/walkin_enquiries 200 in 249ms (compile: 4ms, render: 245ms)
 GET /api/followups 200 in 456ms (compile: 7ms, render: 449ms)
 POST /api/auth/login 200 in 740ms (compile: 7ms, render: 733ms)
 POST /api/auth/login 200 in 413ms (compile: 2ms, render: 410ms)
 POST /api/auth/login 200 in 400ms (compile: 2ms, render: 398ms)
 POST /api/employees 201 in 894ms (compile: 6ms, render: 888ms)
 POST /api/employees 403 in 22ms (compile: 2ms, render: 19ms)
 POST /api/employees 403 in 9ms (compile: 2ms, render: 7ms)
 POST /api/employees 401 in 12ms (compile: 2ms, render: 10ms)
 POST /api/employees 201 in 320ms (compile: 2ms, render: 318ms)
 GET /api/employees 200 in 119ms (compile: 2ms, render: 117ms)
 PUT /api/employees 200 in 117ms (compile: 3ms, render: 114ms)
 POST /api/auth/login 200 in 426ms (compile: 2ms, render: 424ms)
 GET /api/walkin_enquiries 200 in 230ms (compile: 2ms, render: 227ms)
 GET /api/followups 200 in 552ms (compile: 8ms, render: 544ms)
 GET /api/settings/profile 200 in 949ms (compile: 839ms, render: 110ms)
 GET /api/settings/account 200 in 921ms (compile: 610ms, render: 311ms)
 GET /api/walkin_enquiries 200 in 1171ms (compile: 4ms, render: 1167ms)
 POST /api/attendance/heartbeat 200 in 1273ms (compile: 3ms, render: 1270ms)
 GET /api/followups 200 in 1335ms (compile: 4ms, render: 1332ms)
 GET /api/walkin_enquiries 200 in 227ms (compile: 7ms, render: 220ms)
 GET /api/followups 200 in 386ms (compile: 1930µs, render: 384ms)
 GET /api/walkin_enquiries 200 in 217ms (compile: 7ms, render: 209ms)
 GET /api/followups 200 in 437ms (compile: 11ms, render: 426ms)
 GET /api/walkin_enquiries 200 in 207ms (compile: 4ms, render: 203ms)
 POST /api/attendance/heartbeat 200 in 455ms (compile: 4ms, render: 452ms)
 GET /api/followups 200 in 459ms (compile: 8ms, render: 451ms)
 GET /api/walkin_enquiries 200 in 397ms (compile: 120ms, render: 278ms)
 GET /api/followups 200 in 612ms (compile: 72ms, render: 540ms)
 GET /api/walkin_enquiries 200 in 908ms (compile: 318ms, render: 590ms)
 GET /api/followups 200 in 1139ms (compile: 258ms, render: 881ms)
 GET /api/walkin_enquiries 200 in 537ms (compile: 25ms, render: 512ms)
 GET /api/followups 200 in 736ms (compile: 99ms, render: 637ms)
 POST /api/attendance/heartbeat 200 in 652ms (compile: 74ms, render: 579ms)
 GET /api/walkin_enquiries 200 in 301ms (compile: 21ms, render: 280ms)
 GET /api/followups 200 in 545ms (compile: 38ms, render: 507ms)
 GET /api/walkin_enquiries 200 in 268ms (compile: 6ms, render: 262ms)
 GET /api/followups 200 in 497ms (compile: 5ms, render: 492ms)
 GET /api/walkin_enquiries 200 in 211ms (compile: 4ms, render: 206ms)
 POST /api/attendance/heartbeat 200 in 332ms (compile: 6ms, render: 326ms)
 POST /api/auth/login 200 in 433ms (compile: 13ms, render: 419ms)
 GET /api/followups 200 in 1175ms (compile: 11ms, render: 1164ms)
 POST /api/auth/login 200 in 412ms (compile: 5ms, render: 407ms)
 POST /api/auth/login 200 in 436ms (compile: 3ms, render: 433ms)
 GET /api/employees 401 in 35ms (compile: 13ms, render: 22ms)
 GET /api/settings/employees 401 in 23ms (compile: 8ms, render: 15ms)
 GET /api/settings/api-keys 401 in 16ms (compile: 7ms, render: 9ms)
 GET /api/roles 401 in 23ms (compile: 7ms, render: 16ms)
 GET /api/revenue-intelligence 401 in 29ms (compile: 6ms, render: 23ms)
 GET /api/attendance/live 401 in 28ms (compile: 7ms, render: 21ms)
 GET /api/attendance/report 401 in 23ms (compile: 7ms, render: 15ms)
 GET /api/debug-attendance 401 in 25ms (compile: 5ms, render: 20ms)
 GET /api/settings/working-hours 401 in 13ms (compile: 5ms, render: 7ms)
 GET /api/settings/lead-sorting 401 in 13ms (compile: 4ms, render: 9ms)
 GET /api/settings/sm-upload 401 in 13ms (compile: 5ms, render: 8ms)
 GET /api/inventory/building?project_name=x&tower=y 401 in 10ms (compile: 4ms, render: 6ms)
 GET /api/walkin_enquiries/1/tranches 401 in 61ms (compile: 37ms, render: 24ms)
 GET /api/booking-details/1 401 in 22ms (compile: 13ms, render: 8ms)
 GET /api/booking-documents/1 401 in 36ms (compile: 15ms, render: 21ms)
 POST /api/revenue-chat 401 in 30ms (compile: 6ms, render: 24ms)
 POST /api/attendance/force-logout 401 in 12ms (compile: 5ms, render: 8ms)
 GET /api/employees 403 in 15ms (compile: 5ms, render: 11ms)
 GET /api/settings/api-keys 403 in 16ms (compile: 4ms, render: 12ms)
 POST /api/attendance/force-logout 401 in 12ms (compile: 3ms, render: 10ms)
 GET /api/inventory/building?project_name=x&tower=y 403 in 15ms (compile: 3ms, render: 12ms)
 GET /api/employees 403 in 12ms (compile: 4ms, render: 8ms)
 GET /api/settings/api-keys 403 in 14ms (compile: 3ms, render: 11ms)
 POST /api/attendance/force-logout 401 in 10ms (compile: 2ms, render: 8ms)
 GET /api/inventory/building?project_name=x&tower=y 403 in 17ms (compile: 2ms, render: 14ms)
 GET /api/employees 200 in 754ms (compile: 3ms, render: 751ms)
 GET /api/settings/api-keys 200 in 128ms (compile: 3ms, render: 125ms)
 POST /api/auth/login 200 in 448ms (compile: 2ms, render: 445ms)
 GET /api/employees 200 in 189ms (compile: 29ms, render: 160ms)
 GET /api/settings/api-keys 200 in 252ms (compile: 28ms, render: 224ms)
 GET /api/walkin_enquiries 200 in 358ms (compile: 22ms, render: 336ms)
 GET /api/walkin_enquiries?organization_id=00000000-0000-4000-8000-0000000000ff 200 in 119ms (compile: 3ms, render: 115ms)
 GET /api/walkin_enquiries?organizationId=00000000-0000-4000-8000-0000000000ff 200 in 213ms (compile: 3ms, render: 210ms)
 GET /api/walkin_enquiries?orgId=00000000-0000-4000-8000-0000000000ff 200 in 165ms (compile: 2ms, render: 163ms)
 GET /api/walkin_enquiries?tenant_id=00000000-0000-4000-8000-0000000000ff 200 in 114ms (compile: 2ms, render: 112ms)
 GET /api/walkin_enquiries?tenantId=00000000-0000-4000-8000-0000000000ff 200 in 128ms (compile: 3ms, render: 124ms)
 GET /api/walkin_enquiries 200 in 132ms (compile: 3ms, render: 129ms)
 GET /api/walkin_enquiries 200 in 118ms (compile: 2ms, render: 116ms)
 GET /api/walkin_enquiries 200 in 117ms (compile: 2ms, render: 115ms)
 GET /api/walkin_enquiries 200 in 123ms (compile: 2ms, render: 121ms)
 POST /api/walkin_enquiries 400 in 9ms (compile: 2ms, render: 7ms)
 GET /api/employees 401 in 14ms (compile: 2ms, render: 12ms)
 GET /api/employees 401 in 15ms (compile: 2ms, render: 13ms)
 GET /api/employees 401 in 15ms (compile: 2ms, render: 13ms)
 POST /api/auth/logout 200 in 142ms (compile: 7ms, render: 135ms)
 GET /api/v1/leads 401 in 9ms (compile: 4ms, render: 5ms)
 GET /api/v1/employees 401 in 7ms (compile: 3ms, render: 4ms)
 GET /api/v1/bookings 401 in 8ms (compile: 4ms, render: 4ms)
 GET /api/v1/ping 401 in 8ms (compile: 3ms, render: 5ms)
 GET /api/v1/leads 401 in 5ms (compile: 1704µs, render: 3ms)
 GET /api/v1/employees 401 in 5ms (compile: 1706µs, render: 3ms)
 GET /api/v1/bookings 401 in 5ms (compile: 1633µs, render: 3ms)
 GET /api/v1/ping 401 in 5ms (compile: 1662µs, render: 3ms)
 GET /api/v1/leads 401 in 5ms (compile: 1645µs, render: 3ms)
 GET /api/v1/employees 401 in 6ms (compile: 2ms, render: 4ms)
 GET /api/v1/bookings 401 in 5ms (compile: 1839µs, render: 3ms)
 GET /api/v1/ping 401 in 6ms (compile: 1596µs, render: 4ms)
 GET /api/v1/leads 401 in 6ms (compile: 1961µs, render: 4ms)
 GET /api/v1/employees 401 in 6ms (compile: 2ms, render: 4ms)
 GET /api/v1/bookings 401 in 7ms (compile: 1974µs, render: 5ms)
 GET /api/v1/ping 401 in 6ms (compile: 2ms, render: 4ms)
 POST /api/auth/login 200 in 439ms (compile: 2ms, render: 437ms)
 GET /api/v1/leads 401 in 7ms (compile: 2ms, render: 4ms)
 POST /api/auth/login 200 in 411ms (compile: 2ms, render: 409ms)
 GET /api/booking-details/99999999 200 in 629ms (compile: 11ms, render: 618ms)
 GET /api/booking-details/99999998 200 in 623ms (compile: 2ms, render: 620ms)
 GET /api/walkin_enquiries 200 in 202ms (compile: 3ms, render: 198ms)
 GET /api/followups 200 in 474ms (compile: 7ms, render: 467ms)
 GET /api/walkin_enquiries 200 in 235ms (compile: 2ms, render: 232ms)
 GET /api/followups 200 in 516ms (compile: 6ms, render: 510ms)
 GET /api/walkin_enquiries 200 in 1252ms (compile: 6ms, render: 1245ms)
 POST /api/attendance/heartbeat 200 in 4.3s (compile: 11ms, render: 4.3s)
 GET /api/followups 200 in 5.8s (compile: 4ms, render: 5.7s)
[emailRouting] could not record delivery attempt: Connection terminated due to connection timeout
 GET /api/walkin_enquiries 200 in 121ms (compile: 2ms, render: 119ms)
 GET /api/followups 200 in 438ms (compile: 5ms, render: 433ms)
 GET /api/walkin_enquiries 200 in 133ms (compile: 3ms, render: 130ms)
 GET /api/followups 200 in 464ms (compile: 4ms, render: 460ms)
 GET /api/walkin_enquiries 200 in 1458ms (compile: 3ms, render: 1455ms)
 POST /api/attendance/heartbeat 200 in 1626ms (compile: 7ms, render: 1619ms)
 GET /api/followups 200 in 1650ms (compile: 11ms, render: 1639ms)
 GET /api/walkin_enquiries 200 in 216ms (compile: 4ms, render: 212ms)
 GET /api/followups 200 in 432ms (compile: 9ms, render: 423ms)
 GET /api/walkin_enquiries 200 in 228ms (compile: 3ms, render: 225ms)
 GET /api/followups 200 in 451ms (compile: 7ms, render: 444ms)
 GET /api/walkin_enquiries 200 in 213ms (compile: 3ms, render: 210ms)
 POST /api/attendance/heartbeat 200 in 313ms (compile: 8ms, render: 304ms)
 GET /api/followups 200 in 412ms (compile: 12ms, render: 400ms)
 GET /api/attendance/status?t=1787194363530 200 in 128ms (compile: 8ms, render: 120ms)
 GET /api/walkin_enquiries 200 in 206ms (compile: 8ms, render: 198ms)
 GET /api/followups 200 in 437ms (compile: 3ms, render: 434ms)
 POST /api/attendance/heartbeat 200 in 337ms (compile: 3ms, render: 334ms)
 GET /dashboard/employees 200 in 972ms (compile: 309ms, proxy.ts: 30ms, render: 633ms)
 GET /api/caller-leads/events 200 in 7.4min (compile: 25ms, render: 7.4min)
 GET /api/sse/live-activity 200 in 7.4min (compile: 7ms, render: 7.4min)
[SSE] Client disconnected: dsp6en. Total: 0
 GET /api/attendance/status?t=1787194373598 200 in 154ms (compile: 12ms, render: 142ms)
 GET /api/users/sales-manager 200 in 156ms (compile: 30ms, render: 126ms)
 GET /api/roles 200 in 160ms (compile: 20ms, render: 141ms)
SSE auth result: true admin
[SSE] Client connected: nxdgfn (User: 1). Total: 1
 GET /api/users/site-head 200 in 143ms (compile: 14ms, render: 129ms)
 POST /api/attendance/heartbeat 200 in 383ms (compile: 6ms, render: 377ms)
 GET /api/updates?userId=1 200 in 179ms (compile: 7ms, render: 171ms)
 GET /api/followups 200 in 469ms (compile: 6ms, render: 463ms)
 GET /api/updates?userId=1 200 in 115ms (compile: 3ms, render: 112ms)
 GET /api/employees 200 in 851ms (compile: 26ms, render: 825ms)
 GET /api/walkin_enquiries 200 in 858ms (compile: 32ms, render: 826ms)
 GET /api/followups 200 in 315ms (compile: 3ms, render: 312ms)
 GET /api/walkin_enquiries 200 in 233ms (compile: 3ms, render: 230ms)
 GET /dashboard 200 in 493ms (compile: 414ms, proxy.ts: 9ms, render: 69ms)
 GET /api/sse/live-activity 200 in 9.1s (compile: 28ms, render: 9.1s)
[SSE] Client disconnected: nxdgfn. Total: 0
 GET /api/caller-leads/events 200 in 9.0s (compile: 6ms, render: 9.0s)
 GET /api/bolna/status 200 in 142ms (compile: 14ms, render: 128ms)
 GET /api/walkin_enquiries/duplicates 200 in 146ms (compile: 13ms, render: 133ms)
 GET /api/users/site-head 200 in 113ms (compile: 6ms, render: 107ms)
 GET /api/users/sales-manager 200 in 144ms (compile: 15ms, render: 129ms)
 GET /api/employees 200 in 137ms (compile: 5ms, render: 132ms)
 GET /api/users/update-whatsapp?name=Admin 200 in 145ms (compile: 21ms, render: 125ms)
 GET /api/users/receptionist 200 in 151ms (compile: 12ms, render: 138ms)
 GET /api/bolna/status 200 in 111ms (compile: 3ms, render: 109ms)
 GET /api/updates?userId=1 200 in 136ms (compile: 12ms, render: 123ms)
 GET /api/walkin_enquiries/duplicates 200 in 129ms (compile: 3ms, render: 127ms)
 GET /api/followups 200 in 436ms (compile: 3ms, render: 433ms)
 GET /api/users/site-head 200 in 123ms (compile: 3ms, render: 121ms)
 GET /api/walkin_enquiries?limit=10000&offset=0 200 in 514ms (compile: 11ms, render: 504ms)
 GET /api/employees 200 in 97ms (compile: 3ms, render: 94ms)
 GET /api/users/sales-manager 200 in 121ms (compile: 3ms, render: 118ms)
 GET /api/users/site-head 200 in 105ms (compile: 3ms, render: 103ms)
 GET /api/users/update-whatsapp?name=Admin 200 in 116ms (compile: 3ms, render: 113ms)
 GET /api/users/sales-manager 200 in 111ms (compile: 4ms, render: 107ms)
 GET /api/attendance/status?t=1787194382923 200 in 808ms (compile: 3ms, render: 805ms)
 GET /api/walkin_enquiries/duplicates 200 in 129ms (compile: 3ms, render: 126ms)
 GET /dashboard/settings 200 in 518ms (compile: 446ms, proxy.ts: 8ms, render: 64ms)
 GET /api/leads/lost/events 200 in 5.9s (compile: 5ms, render: 5.9s)
 GET /api/attendance/status?t=1787194389073 200 in 124ms (compile: 9ms, render: 115ms)
 GET /api/updates?userId=1 200 in 145ms (compile: 7ms, render: 137ms)
 GET /api/updates?userId=1 200 in 129ms (compile: 7ms, render: 122ms)
 GET /dashboard/settings/profile 200 in 466ms (compile: 367ms, proxy.ts: 12ms, render: 86ms)
 GET /dashboard/settings/profile 200 in 52ms (compile: 7ms, proxy.ts: 11ms, render: 34ms)
 GET /api/attendance/status?t=1787194389747 200 in 132ms (compile: 14ms, render: 119ms)
 GET /api/settings/profile 200 in 137ms (compile: 7ms, render: 130ms)
 GET /api/settings/profile 200 in 880ms (compile: 18ms, render: 862ms)
 GET /dashboard/settings/notifications 200 in 1471ms (compile: 1437ms, proxy.ts: 5ms, render: 30ms)
 GET /api/attendance/status?t=1787194394790 200 in 127ms (compile: 6ms, render: 121ms)
 GET /api/settings/notification-preferences 200 in 611ms (compile: 332ms, render: 279ms)
 GET /api/settings/notification-preferences 200 in 655ms (compile: 350ms, render: 305ms)
 GET /api/settings/notification-recipients 200 in 1234ms (compile: 417ms, render: 817ms)
 GET /api/settings/notification-recipients 200 in 1241ms (compile: 418ms, render: 824ms)
 GET /dashboard/settings/members-team 200 in 169ms (compile: 142ms, proxy.ts: 6ms, render: 22ms)
 GET /api/attendance/status?t=1787194404703 200 in 110ms (compile: 4ms, render: 106ms)
 GET /dashboard/settings/employees 200 in 155ms (compile: 120ms, proxy.ts: 5ms, render: 30ms)
 GET /api/attendance/status?t=1787194407962 200 in 156ms (compile: 24ms, render: 132ms)
 GET /api/settings/employees?search=&status=all&role=all&department=all 200 in 266ms (compile: 7ms, render: 259ms)
 GET /api/settings/employees?search=&status=all&role=all&department=all 200 in 246ms (compile: 10ms, render: 236ms)
 GET /dashboard 200 in 383ms (compile: 349ms, proxy.ts: 8ms, render: 26ms)
 GET /api/bolna/status 200 in 122ms (compile: 3ms, render: 119ms)
 GET /api/walkin_enquiries/duplicates 200 in 152ms (compile: 11ms, render: 141ms)
 GET /api/users/sales-manager 200 in 155ms (compile: 6ms, render: 149ms)
 GET /api/attendance/status?t=1787194425015 200 in 127ms (compile: 2ms, render: 125ms)
 GET /api/bolna/status 200 in 122ms (compile: 4ms, render: 118ms)
 GET /api/users/update-whatsapp?name=Admin 200 in 119ms (compile: 3ms, render: 116ms)
 GET /api/employees 200 in 116ms (compile: 3ms, render: 113ms)
 GET /api/updates?userId=1 200 in 123ms (compile: 3ms, render: 120ms)
 GET /api/followups 200 in 445ms (compile: 8ms, render: 436ms)
 GET /api/walkin_enquiries/duplicates 200 in 132ms (compile: 3ms, render: 128ms)
 GET /api/users/sales-manager 200 in 112ms (compile: 2ms, render: 110ms)
 GET /api/users/site-head 200 in 788ms (compile: 17ms, render: 771ms)
 GET /api/users/update-whatsapp?name=Admin 200 in 132ms (compile: 3ms, render: 129ms)
 GET /api/users/receptionist 200 in 822ms (compile: 30ms, render: 793ms)
 GET /api/employees 200 in 125ms (compile: 3ms, render: 122ms)
 GET /api/users/site-head 200 in 139ms (compile: 8ms, render: 130ms)
 GET /api/users/sales-manager 200 in 145ms (compile: 5ms, render: 140ms)
 GET /api/users/site-head 200 in 117ms (compile: 4ms, render: 113ms)
 GET /api/walkin_enquiries?limit=10000&offset=0 200 in 1123ms (compile: 25ms, render: 1098ms)
 GET /api/walkin_enquiries/duplicates 200 in 112ms (compile: 4ms, render: 109ms)
 GET /dashboard/employees 200 in 42ms (compile: 7ms, proxy.ts: 6ms, render: 29ms)
 GET /api/leads/lost/events 200 in 2.2s (compile: 3ms, render: 2.2s)
 GET /api/employees 200 in 145ms (compile: 17ms, render: 127ms)
 GET /api/users/sales-manager 200 in 142ms (compile: 11ms, render: 131ms)
 GET /api/roles 200 in 145ms (compile: 16ms, render: 129ms)
 GET /api/users/site-head 200 in 133ms (compile: 3ms, render: 129ms)
 GET /api/attendance/status?t=1787194427550 200 in 118ms (compile: 3ms, render: 115ms)
SSE auth result: true admin
[SSE] Client connected: p2k8op (User: 1). Total: 1
 GET /api/walkin_enquiries 200 in 147ms (compile: 4ms, render: 143ms)
 GET /api/updates?userId=1 200 in 128ms (compile: 3ms, render: 125ms)
 POST /api/attendance/heartbeat 200 in 347ms (compile: 4ms, render: 343ms)
 POST /api/attendance/heartbeat 200 in 357ms (compile: 9ms, render: 348ms)
 GET /api/employees 200 in 140ms (compile: 10ms, render: 130ms)
 GET /api/users/sales-manager 200 in 112ms (compile: 2ms, render: 109ms)
 GET /api/roles 200 in 130ms (compile: 3ms, render: 127ms)
 GET /api/followups 200 in 403ms (compile: 13ms, render: 390ms)
 GET /api/users/site-head 200 in 118ms (compile: 4ms, render: 115ms)
 GET /api/updates?userId=1 200 in 110ms (compile: 3ms, render: 107ms)
 GET /api/walkin_enquiries 200 in 217ms (compile: 8ms, render: 209ms)
 GET /api/walkin_enquiries 200 in 146ms (compile: 4ms, render: 142ms)
 GET /api/walkin_enquiries 200 in 127ms (compile: 3ms, render: 124ms)
 GET /api/followups 200 in 423ms (compile: 3ms, render: 420ms)
 GET /api/followups 200 in 330ms (compile: 2ms, render: 328ms)
 GET /api/followups 200 in 258ms (compile: 2ms, render: 256ms)
 GET /api/walkin_enquiries 200 in 273ms (compile: 8ms, render: 265ms)
 GET /api/followups 200 in 495ms (compile: 18ms, render: 477ms)
 GET /api/walkin_enquiries 200 in 238ms (compile: 4ms, render: 234ms)
 GET /api/followups 200 in 454ms (compile: 9ms, render: 445ms)
 GET /api/walkin_enquiries 200 in 258ms (compile: 10ms, render: 248ms)
 POST /api/attendance/heartbeat 200 in 358ms (compile: 6ms, render: 353ms)
 GET /api/followups 200 in 1026ms (compile: 14ms, render: 1012ms)
 GET /api/walkin_enquiries 200 in 243ms (compile: 17ms, render: 226ms)
 GET /api/followups 200 in 441ms (compile: 8ms, render: 433ms)
 GET /api/walkin_enquiries 200 in 1207ms (compile: 4ms, render: 1204ms)
 GET /api/followups 200 in 2.6s (compile: 7ms, render: 2.6s)
 GET /api/walkin_enquiries 200 in 132ms (compile: 4ms, render: 128ms)
 POST /api/attendance/heartbeat 200 in 340ms (compile: 9ms, render: 331ms)
 GET /api/followups 200 in 456ms (compile: 15ms, render: 441ms)
 POST /api/attendance/heartbeat 200 in 334ms (compile: 24ms, render: 310ms)
 GET /api/walkin_enquiries 200 in 807ms (compile: 7ms, render: 800ms)
 GET /api/followups 200 in 1102ms (compile: 3ms, render: 1100ms)
 POST /api/attendance/heartbeat 200 in 1897ms (compile: 5ms, render: 1892ms)
 POST /api/attendance/heartbeat 200 in 1354ms (compile: 7ms, render: 1347ms)
 GET /api/walkin_enquiries 200 in 786ms (compile: 5ms, render: 781ms)
 GET /api/followups 200 in 1068ms (compile: 10ms, render: 1058ms)
 POST /api/attendance/heartbeat 200 in 320ms (compile: 7ms, render: 313ms)
 GET /api/walkin_enquiries 200 in 1114ms (compile: 6ms, render: 1108ms)
 POST /api/attendance/heartbeat 200 in 1151ms (compile: 6ms, render: 1145ms)
 GET /api/followups 200 in 2.3s (compile: 12ms, render: 2.3s)
 GET /api/walkin_enquiries 200 in 770ms (compile: 29ms, render: 741ms)
 POST /api/attendance/heartbeat 200 in 1006ms (compile: 12ms, render: 993ms)
 GET /api/followups 200 in 1052ms (compile: 23ms, render: 1030ms)
 GET /api/walkin_enquiries 200 in 860ms (compile: 4ms, render: 856ms)
 POST /api/attendance/heartbeat 200 in 962ms (compile: 4ms, render: 958ms)
 GET /api/followups 200 in 997ms (compile: 12ms, render: 985ms)
 GET /api/walkin_enquiries 200 in 915ms (compile: 6ms, render: 909ms)
 POST /api/attendance/heartbeat 200 in 1041ms (compile: 13ms, render: 1028ms)
 GET /api/followups 200 in 1110ms (compile: 8ms, render: 1102ms)
 GET /api/walkin_enquiries 200 in 791ms (compile: 5ms, render: 786ms)
 POST /api/attendance/heartbeat 200 in 982ms (compile: 5ms, render: 977ms)
 GET /api/followups 200 in 1006ms (compile: 13ms, render: 993ms)
 GET /api/walkin_enquiries 200 in 1105ms (compile: 6ms, render: 1099ms)
 POST /api/attendance/heartbeat 200 in 1716ms (compile: 4ms, render: 1712ms)
 GET /api/followups 200 in 1731ms (compile: 11ms, render: 1720ms)
 GET /api/walkin_enquiries 200 in 776ms (compile: 6ms, render: 770ms)
 POST /api/attendance/heartbeat 200 in 915ms (compile: 5ms, render: 909ms)
 GET /api/followups 200 in 987ms (compile: 15ms, render: 972ms)
 GET /api/walkin_enquiries 200 in 840ms (compile: 4ms, render: 837ms)
 POST /api/attendance/heartbeat 200 in 914ms (compile: 4ms, render: 910ms)
 GET /api/followups 200 in 1080ms (compile: 11ms, render: 1069ms)
 GET /api/walkin_enquiries 200 in 906ms (compile: 8ms, render: 898ms)
 POST /api/attendance/heartbeat 200 in 1072ms (compile: 5ms, render: 1068ms)
 GET /api/followups 200 in 1176ms (compile: 13ms, render: 1163ms)
 GET /api/walkin_enquiries 200 in 832ms (compile: 8ms, render: 825ms)
 POST /api/attendance/heartbeat 200 in 966ms (compile: 5ms, render: 961ms)
 GET /api/followups 200 in 1134ms (compile: 13ms, render: 1122ms)
 GET /api/walkin_enquiries 200 in 889ms (compile: 3ms, render: 885ms)
 POST /api/attendance/heartbeat 200 in 1023ms (compile: 3ms, render: 1020ms)
 GET /api/followups 200 in 1078ms (compile: 9ms, render: 1069ms)
 GET /api/walkin_enquiries 200 in 828ms (compile: 5ms, render: 823ms)
 GET /api/followups 200 in 986ms (compile: 12ms, render: 974ms)
 POST /api/attendance/heartbeat 200 in 1233ms (compile: 5ms, render: 1228ms)
 GET /api/walkin_enquiries 200 in 791ms (compile: 5ms, render: 787ms)
 POST /api/attendance/heartbeat 200 in 923ms (compile: 5ms, render: 918ms)
 GET /api/followups 200 in 975ms (compile: 5ms, render: 970ms)
 GET /api/walkin_enquiries 200 in 961ms (compile: 4ms, render: 957ms)
 POST /api/attendance/heartbeat 200 in 1004ms (compile: 11ms, render: 992ms)
 GET /api/followups 200 in 1147ms (compile: 7ms, render: 1140ms)
 GET /api/walkin_enquiries 200 in 811ms (compile: 6ms, render: 805ms)
 POST /api/attendance/heartbeat 200 in 943ms (compile: 4ms, render: 939ms)
 GET /api/followups 200 in 1019ms (compile: 11ms, render: 1008ms)
 GET /api/walkin_enquiries 200 in 936ms (compile: 8ms, render: 928ms)
 POST /api/attendance/heartbeat 200 in 1000ms (compile: 4ms, render: 996ms)
 GET /api/followups 200 in 1094ms (compile: 2ms, render: 1092ms)
 GET /api/walkin_enquiries 200 in 911ms (compile: 6ms, render: 905ms)
 POST /api/attendance/heartbeat 200 in 947ms (compile: 6ms, render: 940ms)
 GET /api/followups 200 in 1013ms (compile: 10ms, render: 1003ms)
 GET /api/walkin_enquiries 200 in 809ms (compile: 5ms, render: 805ms)
 POST /api/attendance/heartbeat 200 in 986ms (compile: 7ms, render: 979ms)
 GET /api/followups 200 in 1024ms (compile: 4ms, render: 1020ms)
 GET /api/walkin_enquiries 200 in 936ms (compile: 10ms, render: 926ms)
 POST /api/attendance/heartbeat 200 in 1079ms (compile: 3ms, render: 1076ms)
 GET /api/followups 200 in 1160ms (compile: 3ms, render: 1157ms)
 GET /api/walkin_enquiries 200 in 895ms (compile: 3ms, render: 892ms)
 GET /api/followups 200 in 1091ms (compile: 8ms, render: 1082ms)
 POST /api/attendance/heartbeat 200 in 1321ms (compile: 4ms, render: 1317ms)
 GET /api/walkin_enquiries 200 in 852ms (compile: 4ms, render: 848ms)
 POST /api/attendance/heartbeat 200 in 985ms (compile: 5ms, render: 980ms)
 GET /api/followups 200 in 1059ms (compile: 3ms, render: 1056ms)
 GET /api/walkin_enquiries 200 in 918ms (compile: 5ms, render: 913ms)
 POST /api/attendance/heartbeat 200 in 974ms (compile: 4ms, render: 969ms)
 GET /api/followups 200 in 1199ms (compile: 14ms, render: 1185ms)
 GET /api/walkin_enquiries 200 in 872ms (compile: 4ms, render: 869ms)
 POST /api/attendance/heartbeat 200 in 974ms (compile: 7ms, render: 967ms)
 GET /api/followups 200 in 971ms (compile: 9ms, render: 962ms)
 GET /api/walkin_enquiries 200 in 847ms (compile: 7ms, render: 839ms)
 GET /api/followups 200 in 1010ms (compile: 6ms, render: 1004ms)
 POST /api/attendance/heartbeat 200 in 1069ms (compile: 6ms, render: 1063ms)
 GET /api/walkin_enquiries 200 in 909ms (compile: 6ms, render: 904ms)
 POST /api/attendance/heartbeat 200 in 1032ms (compile: 22ms, render: 1010ms)
 GET /api/followups 200 in 1106ms (compile: 10ms, render: 1096ms)
 GET /api/walkin_enquiries 200 in 902ms (compile: 13ms, render: 889ms)
 POST /api/attendance/heartbeat 200 in 1025ms (compile: 6ms, render: 1019ms)
 GET /api/followups 200 in 1108ms (compile: 19ms, render: 1089ms)
 GET /api/walkin_enquiries 200 in 890ms (compile: 6ms, render: 884ms)
 POST /api/attendance/heartbeat 200 in 1015ms (compile: 10ms, render: 1005ms)
 GET /api/followups 200 in 1147ms (compile: 12ms, render: 1135ms)
 GET /api/walkin_enquiries 200 in 903ms (compile: 7ms, render: 896ms)
 POST /api/attendance/heartbeat 200 in 979ms (compile: 9ms, render: 970ms)
 GET /api/followups 200 in 990ms (compile: 13ms, render: 976ms)
 GET /api/walkin_enquiries 200 in 1276ms (compile: 4ms, render: 1272ms)
 POST /api/attendance/heartbeat 200 in 1522ms (compile: 4ms, render: 1518ms)
 GET /api/followups 200 in 1804ms (compile: 12ms, render: 1791ms)
 GET /api/followups 200 in 2.5s (compile: 12ms, render: 2.5s)
 GET /api/walkin_enquiries 200 in 2.6s (compile: 6ms, render: 2.6s)
 POST /api/attendance/heartbeat 200 in 4.5s (compile: 7ms, render: 4.5s)
 GET /api/walkin_enquiries 200 in 849ms (compile: 3ms, render: 846ms)
 POST /api/attendance/heartbeat 200 in 934ms (compile: 4ms, render: 930ms)
 GET /api/followups 200 in 1021ms (compile: 9ms, render: 1012ms)
 GET /api/walkin_enquiries 200 in 919ms (compile: 5ms, render: 914ms)
 POST /api/attendance/heartbeat 200 in 1167ms (compile: 2ms, render: 1164ms)
 GET /api/followups 200 in 1156ms (compile: 27ms, render: 1129ms)
 GET /api/walkin_enquiries 200 in 844ms (compile: 5ms, render: 839ms)
 POST /api/attendance/heartbeat 200 in 995ms (compile: 8ms, render: 986ms)
 GET /api/followups 200 in 1055ms (compile: 9ms, render: 1046ms)
 GET /api/walkin_enquiries 200 in 848ms (compile: 2ms, render: 846ms)
 POST /api/attendance/heartbeat 200 in 1007ms (compile: 5ms, render: 1001ms)
 GET /api/followups 200 in 982ms (compile: 8ms, render: 974ms)
 GET /api/walkin_enquiries 200 in 821ms (compile: 3ms, render: 818ms)
 POST /api/attendance/heartbeat 200 in 914ms (compile: 5ms, render: 909ms)
 GET /api/followups 200 in 1033ms (compile: 8ms, render: 1025ms)
 GET /api/walkin_enquiries 200 in 800ms (compile: 8ms, render: 792ms)
 GET /api/followups 200 in 1053ms (compile: 10ms, render: 1042ms)
 POST /api/attendance/heartbeat 200 in 1126ms (compile: 5ms, render: 1121ms)
 GET /api/walkin_enquiries 200 in 950ms (compile: 4ms, render: 946ms)
 GET /api/followups 200 in 1021ms (compile: 7ms, render: 1014ms)
 POST /api/attendance/heartbeat 200 in 1087ms (compile: 6ms, render: 1081ms)
 GET /api/walkin_enquiries 200 in 849ms (compile: 3ms, render: 845ms)
 GET /api/followups 200 in 1075ms (compile: 9ms, render: 1066ms)
 POST /api/attendance/heartbeat 200 in 1142ms (compile: 6ms, render: 1135ms)
 GET /api/walkin_enquiries 200 in 840ms (compile: 3ms, render: 837ms)
 POST /api/attendance/heartbeat 200 in 965ms (compile: 15ms, render: 949ms)
 GET /api/followups 200 in 983ms (compile: 4ms, render: 979ms)
 GET /api/walkin_enquiries 200 in 824ms (compile: 4ms, render: 820ms)
 POST /api/attendance/heartbeat 200 in 1030ms (compile: 4ms, render: 1026ms)
 GET /api/followups 200 in 1102ms (compile: 10ms, render: 1092ms)
 GET /api/walkin_enquiries 200 in 795ms (compile: 7ms, render: 788ms)
 POST /api/attendance/heartbeat 200 in 948ms (compile: 6ms, render: 942ms)
 GET /api/followups 200 in 1007ms (compile: 8ms, render: 999ms)
 GET /api/walkin_enquiries 200 in 841ms (compile: 4ms, render: 837ms)
 POST /api/attendance/heartbeat 200 in 970ms (compile: 4ms, render: 966ms)
 GET /api/followups 200 in 1033ms (compile: 4ms, render: 1029ms)
 GET /api/walkin_enquiries 200 in 789ms (compile: 13ms, render: 776ms)
 POST /api/attendance/heartbeat 200 in 921ms (compile: 3ms, render: 918ms)
 GET /api/followups 200 in 1031ms (compile: 4ms, render: 1027ms)
 GET /api/walkin_enquiries 200 in 845ms (compile: 14ms, render: 830ms)
 POST /api/attendance/heartbeat 200 in 1013ms (compile: 9ms, render: 1005ms)
 GET /api/followups 200 in 1074ms (compile: 6ms, render: 1069ms)
 GET /api/walkin_enquiries 200 in 783ms (compile: 4ms, render: 779ms)
 GET /api/followups 200 in 939ms (compile: 5ms, render: 934ms)
 POST /api/attendance/heartbeat 200 in 995ms (compile: 4ms, render: 992ms)
 GET /api/walkin_enquiries 200 in 852ms (compile: 9ms, render: 843ms)
 POST /api/attendance/heartbeat 200 in 973ms (compile: 5ms, render: 968ms)
 GET /api/followups 200 in 1090ms (compile: 5ms, render: 1085ms)
 GET /api/walkin_enquiries 200 in 871ms (compile: 3ms, render: 868ms)
 POST /api/attendance/heartbeat 200 in 1028ms (compile: 5ms, render: 1023ms)
 GET /api/followups 200 in 1077ms (compile: 8ms, render: 1069ms)
 GET /api/walkin_enquiries 200 in 932ms (compile: 6ms, render: 926ms)
 POST /api/attendance/heartbeat 200 in 938ms (compile: 16ms, render: 922ms)
 GET /api/followups 200 in 1170ms (compile: 11ms, render: 1159ms)
 GET /api/walkin_enquiries 200 in 766ms (compile: 5ms, render: 761ms)
 POST /api/attendance/heartbeat 200 in 888ms (compile: 3ms, render: 885ms)
 GET /api/followups 200 in 898ms (compile: 2ms, render: 896ms)
 GET /api/walkin_enquiries 200 in 858ms (compile: 7ms, render: 852ms)
 POST /api/attendance/heartbeat 200 in 1018ms (compile: 3ms, render: 1015ms)
 GET /api/followups 200 in 1396ms (compile: 4ms, render: 1392ms)
 GET /api/walkin_enquiries 200 in 837ms (compile: 6ms, render: 831ms)
 POST /api/attendance/heartbeat 200 in 954ms (compile: 5ms, render: 949ms)
 GET /api/followups 200 in 1037ms (compile: 9ms, render: 1027ms)
 GET /api/walkin_enquiries 200 in 837ms (compile: 6ms, render: 831ms)
 POST /api/attendance/heartbeat 200 in 958ms (compile: 5ms, render: 953ms)
 GET /api/followups 200 in 1021ms (compile: 12ms, render: 1009ms)
 GET /api/walkin_enquiries 200 in 865ms (compile: 4ms, render: 861ms)
 POST /api/attendance/heartbeat 200 in 955ms (compile: 6ms, render: 949ms)
 GET /api/followups 200 in 1032ms (compile: 9ms, render: 1023ms)
Attendance Status Error: Error: Connection terminated due to connection timeout
    at async query (src\lib\db.ts:72:18)
    at async GET (src\app\api\attendance\status\route.ts:26:26)
  70 |   params?: any[]
  71 | ): Promise<T[]> {
> 72 |   const client = await getPool().connect();
     |                  ^
  73 |   try {
  74 |     const result = await client.query(text, params);
  75 |     return result.rows as T[]; {
  [cause]: Error: Connection terminated unexpectedly
      at ignore-listed frames
}
 GET /api/attendance/status?t=1787197834992 500 in 5.3s (compile: 45ms, render: 5.3s)
GET Enquiries Error: Error: Connection terminated due to connection timeout
    at async query (src\lib\db.ts:72:18)
    at async GET (src\app\api\walkin_enquiries\route.ts:41:31)
  70 |   params?: any[]
  71 | ): Promise<T[]> {
> 72 |   const client = await getPool().connect();
     |                  ^
  73 |   try {
  74 |     const result = await client.query(text, params);
  75 |     return result.rows as T[]; {
  [cause]: Error: Connection terminated unexpectedly
      at ignore-listed frames
}
 GET /api/walkin_enquiries 500 in 5.4s (compile: 29ms, render: 5.4s)
GET followups error: Error: Connection terminated due to connection timeout
    at async query (src\lib\db.ts:72:18)
    at async GET (src\app\api\followups\route.ts:273:9)
  70 |   params?: any[]
  71 | ): Promise<T[]> {
> 72 |   const client = await getPool().connect();
     |                  ^
  73 |   try {
  74 |     const result = await client.query(text, params);
  75 |     return result.rows as T[]; {
  [cause]: Error: Connection terminated unexpectedly
      at ignore-listed frames
}
 GET /api/followups 500 in 5.5s (compile: 18ms, render: 5.5s)
Heartbeat error: Error: Connection terminated due to connection timeout
    at async query (src\lib\db.ts:72:18)
    at async POST (src\app\api\attendance\heartbeat\route.ts:34:26)
  70 |   params?: any[]
  71 | ): Promise<T[]> {
> 72 |   const client = await getPool().connect();
     |                  ^
  73 |   try {
  74 |     const result = await client.query(text, params);
  75 |     return result.rows as T[]; {
  [cause]: Error: Connection terminated unexpectedly
      at ignore-listed frames
}
 POST /api/attendance/heartbeat 500 in 5.6s (compile: 10ms, render: 5.6s)
 GET /api/walkin_enquiries 200 in 2.3s (compile: 5ms, render: 2.3s)
 GET /api/followups 200 in 2.5s (compile: 11ms, render: 2.5s)
 POST /api/attendance/heartbeat 200 in 324ms (compile: 3ms, render: 321ms)
 GET /api/walkin_enquiries 200 in 217ms (compile: 9ms, render: 209ms)
 GET /api/followups 200 in 416ms (compile: 3ms, render: 413ms)
 GET /api/walkin_enquiries 200 in 230ms (compile: 6ms, render: 224ms)
 GET /api/followups 200 in 394ms (compile: 12ms, render: 381ms)
 GET /api/walkin_enquiries 200 in 194ms (compile: 4ms, render: 190ms)
 GET /api/followups 200 in 453ms (compile: 9ms, render: 444ms)
 POST /api/attendance/heartbeat 200 in 313ms (compile: 4ms, render: 309ms)
 GET /api/walkin_enquiries 200 in 241ms (compile: 4ms, render: 237ms)
 GET /api/followups 200 in 414ms (compile: 7ms, render: 407ms)
 GET /api/walkin_enquiries 200 in 218ms (compile: 3ms, render: 216ms)
 GET /api/followups 200 in 432ms (compile: 7ms, render: 425ms)
 GET /api/walkin_enquiries 200 in 204ms (compile: 2ms, render: 202ms)
 GET /api/followups 200 in 399ms (compile: 5ms, render: 393ms)
 POST /api/attendance/heartbeat 200 in 343ms (compile: 3ms, render: 340ms)
 GET /api/walkin_enquiries 200 in 212ms (compile: 18ms, render: 194ms)
 GET /api/followups 200 in 425ms (compile: 11ms, render: 415ms)
 GET /api/walkin_enquiries 200 in 201ms (compile: 2ms, render: 199ms)
 GET /api/followups 200 in 400ms (compile: 7ms, render: 393ms)
 GET /api/walkin_enquiries 200 in 239ms (compile: 9ms, render: 231ms)
 GET /api/followups 200 in 420ms (compile: 3ms, render: 417ms)
 POST /api/attendance/heartbeat 200 in 346ms (compile: 3ms, render: 342ms)
 GET /api/walkin_enquiries 200 in 227ms (compile: 4ms, render: 224ms)
 GET /api/followups 200 in 375ms (compile: 7ms, render: 369ms)
 GET /api/walkin_enquiries 200 in 210ms (compile: 3ms, render: 207ms)
 GET /api/followups 200 in 421ms (compile: 9ms, render: 413ms)
 GET /api/walkin_enquiries 200 in 237ms (compile: 4ms, render: 233ms)
 GET /api/followups 200 in 400ms (compile: 9ms, render: 391ms)
 POST /api/attendance/heartbeat 200 in 326ms (compile: 5ms, render: 321ms)
 GET /api/walkin_enquiries 200 in 251ms (compile: 4ms, render: 247ms)
 GET /api/followups 200 in 399ms (compile: 8ms, render: 392ms)
 GET /api/walkin_enquiries 200 in 242ms (compile: 10ms, render: 232ms)
 GET /api/followups 200 in 405ms (compile: 3ms, render: 403ms)
 GET /api/walkin_enquiries 200 in 170ms (compile: 10ms, render: 160ms)
 GET /api/followups 200 in 449ms (compile: 5ms, render: 444ms)
 POST /api/attendance/heartbeat 200 in 333ms (compile: 2ms, render: 331ms)
 GET /api/walkin_enquiries 200 in 209ms (compile: 4ms, render: 205ms)
 GET /api/followups 200 in 421ms (compile: 8ms, render: 413ms)
 GET /api/walkin_enquiries 200 in 230ms (compile: 3ms, render: 227ms)
 GET /api/followups 200 in 470ms (compile: 10ms, render: 460ms)
 GET /api/walkin_enquiries 200 in 227ms (compile: 3ms, render: 224ms)
 GET /api/followups 200 in 393ms (compile: 6ms, render: 388ms)
 POST /api/attendance/heartbeat 200 in 311ms (compile: 3ms, render: 308ms)
 GET /api/walkin_enquiries 200 in 211ms (compile: 4ms, render: 207ms)
 GET /api/followups 200 in 455ms (compile: 6ms, render: 449ms)
 GET /api/walkin_enquiries 200 in 213ms (compile: 4ms, render: 208ms)
 GET /api/followups 200 in 441ms (compile: 9ms, render: 432ms)
 GET /api/walkin_enquiries 200 in 229ms (compile: 9ms, render: 220ms)
 GET /api/followups 200 in 434ms (compile: 3ms, render: 431ms)
 POST /api/attendance/heartbeat 200 in 322ms (compile: 5ms, render: 318ms)
 GET /api/walkin_enquiries 200 in 227ms (compile: 9ms, render: 217ms)
 GET /api/followups 200 in 472ms (compile: 3ms, render: 468ms)
 GET /api/walkin_enquiries 200 in 240ms (compile: 3ms, render: 237ms)
 GET /api/followups 200 in 408ms (compile: 8ms, render: 400ms)
 GET /api/walkin_enquiries 200 in 193ms (compile: 4ms, render: 189ms)
 GET /api/followups 200 in 440ms (compile: 7ms, render: 433ms)
 POST /api/attendance/heartbeat 200 in 320ms (compile: 2ms, render: 318ms)
 GET /api/walkin_enquiries 200 in 239ms (compile: 5ms, render: 234ms)
 GET /api/followups 200 in 460ms (compile: 9ms, render: 451ms)
 GET /api/walkin_enquiries 200 in 200ms (compile: 9ms, render: 191ms)
 GET /api/followups 200 in 472ms (compile: 2ms, render: 470ms)
 GET /api/walkin_enquiries 200 in 230ms (compile: 3ms, render: 227ms)
 GET /api/followups 200 in 380ms (compile: 1921µs, render: 378ms)
 POST /api/attendance/heartbeat 200 in 307ms (compile: 5ms, render: 302ms)
 GET /api/walkin_enquiries 200 in 207ms (compile: 3ms, render: 204ms)
 GET /api/followups 200 in 409ms (compile: 8ms, render: 401ms)
 GET /api/walkin_enquiries 200 in 222ms (compile: 5ms, render: 218ms)
 GET /api/followups 200 in 436ms (compile: 8ms, render: 427ms)
 GET /api/walkin_enquiries 200 in 232ms (compile: 2ms, render: 230ms)
 GET /api/followups 200 in 387ms (compile: 7ms, render: 380ms)
 POST /api/attendance/heartbeat 200 in 316ms (compile: 3ms, render: 313ms)
 GET /api/walkin_enquiries 200 in 242ms (compile: 7ms, render: 236ms)
 GET /api/followups 200 in 405ms (compile: 2ms, render: 402ms)
 GET /api/walkin_enquiries 200 in 204ms (compile: 3ms, render: 201ms)
 GET /api/followups 200 in 399ms (compile: 8ms, render: 391ms)
 GET /api/walkin_enquiries 200 in 211ms (compile: 3ms, render: 208ms)
 GET /api/followups 200 in 410ms (compile: 7ms, render: 403ms)
 POST /api/attendance/heartbeat 200 in 334ms (compile: 3ms, render: 331ms)
 GET /api/walkin_enquiries 200 in 240ms (compile: 4ms, render: 237ms)
 GET /api/followups 200 in 387ms (compile: 7ms, render: 380ms)
 GET /api/walkin_enquiries 200 in 213ms (compile: 2ms, render: 211ms)
 GET /api/followups 200 in 403ms (compile: 8ms, render: 395ms)
 GET /api/walkin_enquiries 200 in 256ms (compile: 3ms, render: 253ms)
 GET /api/followups 200 in 562ms (compile: 2ms, render: 560ms)
 POST /api/attendance/heartbeat 200 in 365ms (compile: 3ms, render: 362ms)
 GET /api/walkin_enquiries 200 in 214ms (compile: 7ms, render: 207ms)
 GET /api/followups 200 in 451ms (compile: 3ms, render: 448ms)
 GET /api/walkin_enquiries 200 in 237ms (compile: 3ms, render: 234ms)
 GET /api/followups 200 in 408ms (compile: 8ms, render: 400ms)
 GET /api/walkin_enquiries 200 in 202ms (compile: 4ms, render: 198ms)
 GET /api/followups 200 in 419ms (compile: 8ms, render: 412ms)
 POST /api/attendance/heartbeat 200 in 340ms (compile: 2ms, render: 338ms)
 GET /api/walkin_enquiries 200 in 206ms (compile: 3ms, render: 203ms)
 GET /api/followups 200 in 433ms (compile: 2ms, render: 431ms)
 GET /api/walkin_enquiries 200 in 231ms (compile: 3ms, render: 228ms)
 GET /api/followups 200 in 418ms (compile: 7ms, render: 411ms)
 GET /api/walkin_enquiries 200 in 200ms (compile: 2ms, render: 198ms)
 GET /api/followups 200 in 396ms (compile: 5ms, render: 391ms)
 POST /api/attendance/heartbeat 200 in 319ms (compile: 2ms, render: 317ms)
 GET /api/walkin_enquiries 200 in 238ms (compile: 4ms, render: 234ms)
 GET /api/followups 200 in 450ms (compile: 7ms, render: 443ms)
 GET /api/walkin_enquiries 200 in 262ms (compile: 3ms, render: 259ms)
 GET /api/followups 200 in 402ms (compile: 8ms, render: 394ms)
 GET /api/walkin_enquiries 200 in 204ms (compile: 4ms, render: 200ms)
 GET /api/followups 200 in 421ms (compile: 8ms, render: 413ms)
 POST /api/attendance/heartbeat 200 in 297ms (compile: 4ms, render: 293ms)
 GET /api/walkin_enquiries 200 in 230ms (compile: 4ms, render: 226ms)
 GET /api/followups 200 in 449ms (compile: 8ms, render: 441ms)
 GET /api/walkin_enquiries 200 in 200ms (compile: 8ms, render: 192ms)
 GET /api/followups 200 in 408ms (compile: 2ms, render: 405ms)
 GET /api/walkin_enquiries 200 in 236ms (compile: 6ms, render: 230ms)
 GET /api/followups 200 in 451ms (compile: 9ms, render: 442ms)
 POST /api/attendance/heartbeat 200 in 350ms (compile: 2ms, render: 347ms)
 GET /api/walkin_enquiries 200 in 289ms (compile: 3ms, render: 287ms)
 GET /api/followups 200 in 571ms (compile: 7ms, render: 564ms)
 GET /api/walkin_enquiries 200 in 231ms (compile: 3ms, render: 228ms)
 GET /api/followups 200 in 392ms (compile: 7ms, render: 385ms)
 GET /api/walkin_enquiries 200 in 211ms (compile: 4ms, render: 207ms)
 GET /api/followups 200 in 447ms (compile: 8ms, render: 439ms)
 POST /api/attendance/heartbeat 200 in 338ms (compile: 4ms, render: 333ms)
 GET /api/walkin_enquiries 200 in 219ms (compile: 4ms, render: 215ms)
 GET /api/followups 200 in 444ms (compile: 7ms, render: 437ms)
 GET /api/walkin_enquiries 200 in 282ms (compile: 3ms, render: 279ms)
 GET /api/followups 200 in 381ms (compile: 9ms, render: 373ms)
 GET /api/walkin_enquiries 200 in 219ms (compile: 6ms, render: 213ms)
 GET /api/followups 200 in 408ms (compile: 10ms, render: 398ms)
 POST /api/attendance/heartbeat 200 in 333ms (compile: 2ms, render: 331ms)
 GET /api/walkin_enquiries 200 in 229ms (compile: 8ms, render: 221ms)
 GET /api/followups 200 in 426ms (compile: 3ms, render: 424ms)
 GET /api/walkin_enquiries 200 in 231ms (compile: 5ms, render: 226ms)
 GET /api/followups 200 in 436ms (compile: 9ms, render: 427ms)
 GET /api/walkin_enquiries 200 in 246ms (compile: 3ms, render: 243ms)
 GET /api/followups 200 in 413ms (compile: 8ms, render: 405ms)
 POST /api/attendance/heartbeat 200 in 324ms (compile: 5ms, render: 319ms)
 GET /api/walkin_enquiries 200 in 215ms (compile: 3ms, render: 212ms)
 GET /api/followups 200 in 427ms (compile: 8ms, render: 419ms)
 GET /api/walkin_enquiries 200 in 242ms (compile: 3ms, render: 239ms)
 GET /api/followups 200 in 449ms (compile: 7ms, render: 441ms)
 GET /api/walkin_enquiries 200 in 233ms (compile: 3ms, render: 230ms)
 GET /api/followups 200 in 392ms (compile: 8ms, render: 384ms)
 POST /api/attendance/heartbeat 200 in 301ms (compile: 2ms, render: 299ms)
 GET /api/walkin_enquiries 200 in 209ms (compile: 3ms, render: 206ms)
 GET /api/followups 200 in 424ms (compile: 1930µs, render: 422ms)
 GET /api/walkin_enquiries 200 in 221ms (compile: 3ms, render: 219ms)
 GET /api/followups 200 in 384ms (compile: 8ms, render: 377ms)
 GET /api/walkin_enquiries 200 in 217ms (compile: 3ms, render: 215ms)
 GET /api/followups 200 in 400ms (compile: 8ms, render: 393ms)
 POST /api/attendance/heartbeat 200 in 284ms (compile: 2ms, render: 282ms)
 GET /api/walkin_enquiries 200 in 182ms (compile: 4ms, render: 178ms)
 GET /api/followups 200 in 411ms (compile: 8ms, render: 403ms)
 GET /api/walkin_enquiries 200 in 214ms (compile: 3ms, render: 211ms)
 GET /api/followups 200 in 443ms (compile: 8ms, render: 435ms)
 GET /api/walkin_enquiries 200 in 233ms (compile: 3ms, render: 230ms)
 GET /api/followups 200 in 409ms (compile: 8ms, render: 401ms)
 POST /api/attendance/heartbeat 200 in 301ms (compile: 2ms, render: 298ms)
 GET /api/walkin_enquiries 200 in 196ms (compile: 3ms, render: 194ms)
 GET /api/followups 200 in 496ms (compile: 6ms, render: 490ms)
 GET /api/walkin_enquiries 200 in 242ms (compile: 3ms, render: 239ms)
 GET /api/followups 200 in 453ms (compile: 7ms, render: 446ms)
 GET /api/walkin_enquiries 200 in 257ms (compile: 9ms, render: 248ms)
 GET /api/followups 200 in 429ms (compile: 4ms, render: 425ms)
 POST /api/attendance/heartbeat 200 in 294ms (compile: 2ms, render: 292ms)
 GET /api/walkin_enquiries 200 in 235ms (compile: 5ms, render: 231ms)
 GET /api/followups 200 in 407ms (compile: 9ms, render: 398ms)
 GET /api/walkin_enquiries 200 in 214ms (compile: 3ms, render: 211ms)
 GET /api/followups 200 in 424ms (compile: 6ms, render: 418ms)
 GET /api/walkin_enquiries 200 in 211ms (compile: 3ms, render: 209ms)
 GET /api/followups 200 in 430ms (compile: 8ms, render: 422ms)
 POST /api/attendance/heartbeat 200 in 335ms (compile: 4ms, render: 331ms)
 GET /api/walkin_enquiries 200 in 150ms (compile: 4ms, render: 146ms)
 GET /api/followups 200 in 414ms (compile: 8ms, render: 406ms)
 GET /api/walkin_enquiries 200 in 213ms (compile: 3ms, render: 211ms)
 GET /api/followups 200 in 421ms (compile: 8ms, render: 414ms)
 GET /api/walkin_enquiries 200 in 223ms (compile: 4ms, render: 220ms)
 GET /api/followups 200 in 443ms (compile: 6ms, render: 436ms)
 POST /api/attendance/heartbeat 200 in 346ms (compile: 3ms, render: 344ms)
 GET /api/walkin_enquiries 200 in 230ms (compile: 3ms, render: 227ms)
 GET /api/followups 200 in 379ms (compile: 8ms, render: 371ms)
 GET /api/walkin_enquiries 200 in 212ms (compile: 3ms, render: 209ms)
 GET /api/followups 200 in 420ms (compile: 7ms, render: 413ms)
 GET /api/walkin_enquiries 200 in 225ms (compile: 9ms, render: 216ms)
 GET /api/followups 200 in 424ms (compile: 1975µs, render: 422ms)
 POST /api/attendance/heartbeat 200 in 334ms (compile: 3ms, render: 331ms)
 GET /api/walkin_enquiries 200 in 199ms (compile: 9ms, render: 189ms)
 GET /api/followups 200 in 410ms (compile: 3ms, render: 407ms)
 GET /api/walkin_enquiries 200 in 225ms (compile: 8ms, render: 218ms)
 GET /api/followups 200 in 429ms (compile: 3ms, render: 426ms)
 GET /api/walkin_enquiries 200 in 234ms (compile: 3ms, render: 231ms)
 GET /api/followups 200 in 547ms (compile: 8ms, render: 539ms)
 POST /api/attendance/heartbeat 200 in 331ms (compile: 2ms, render: 329ms)
 GET /api/walkin_enquiries 200 in 224ms (compile: 3ms, render: 222ms)
 GET /api/followups 200 in 415ms (compile: 7ms, render: 407ms)
 GET /api/walkin_enquiries 200 in 200ms (compile: 5ms, render: 195ms)
 GET /api/followups 200 in 454ms (compile: 9ms, render: 446ms)
 GET /api/walkin_enquiries 200 in 241ms (compile: 3ms, render: 238ms)
 GET /api/followups 200 in 452ms (compile: 8ms, render: 445ms)
 POST /api/attendance/heartbeat 200 in 345ms (compile: 3ms, render: 342ms)
 GET /api/walkin_enquiries 200 in 259ms (compile: 3ms, render: 256ms)
 GET /api/followups 200 in 403ms (compile: 6ms, render: 397ms)
 GET /api/walkin_enquiries 200 in 223ms (compile: 3ms, render: 220ms)
 GET /api/followups 200 in 452ms (compile: 8ms, render: 444ms)
 GET /api/walkin_enquiries 200 in 193ms (compile: 9ms, render: 184ms)
 GET /api/followups 200 in 413ms (compile: 3ms, render: 409ms)
 POST /api/attendance/heartbeat 200 in 333ms (compile: 3ms, render: 330ms)
 GET /api/walkin_enquiries 200 in 205ms (compile: 3ms, render: 203ms)
 GET /api/followups 200 in 415ms (compile: 7ms, render: 409ms)
 GET /api/walkin_enquiries 200 in 227ms (compile: 3ms, render: 225ms)
 GET /api/followups 200 in 413ms (compile: 7ms, render: 405ms)
 GET /api/walkin_enquiries 200 in 210ms (compile: 3ms, render: 208ms)
 GET /api/followups 200 in 416ms (compile: 7ms, render: 409ms)
 POST /api/attendance/heartbeat 200 in 337ms (compile: 4ms, render: 334ms)
 GET /api/walkin_enquiries 200 in 234ms (compile: 4ms, render: 230ms)
 GET /api/followups 200 in 422ms (compile: 3ms, render: 419ms)
 GET /api/walkin_enquiries 200 in 222ms (compile: 9ms, render: 213ms)
 GET /api/followups 200 in 457ms (compile: 2ms, render: 455ms)
 GET /api/walkin_enquiries 200 in 288ms (compile: 3ms, render: 285ms)
 GET /api/followups 200 in 455ms (compile: 7ms, render: 448ms)
 POST /api/attendance/heartbeat 200 in 287ms (compile: 2ms, render: 285ms)
 GET /api/walkin_enquiries 200 in 140ms (compile: 4ms, render: 136ms)
 GET /api/followups 200 in 432ms (compile: 8ms, render: 424ms)
 GET /api/walkin_enquiries 200 in 245ms (compile: 3ms, render: 242ms)
 GET /api/followups 200 in 390ms (compile: 7ms, render: 383ms)
 GET /api/walkin_enquiries 200 in 218ms (compile: 3ms, render: 216ms)
 GET /api/followups 200 in 534ms (compile: 8ms, render: 526ms)
 POST /api/attendance/heartbeat 200 in 334ms (compile: 2ms, render: 331ms)
 GET /api/walkin_enquiries 200 in 215ms (compile: 4ms, render: 211ms)
 GET /api/followups 200 in 504ms (compile: 8ms, render: 496ms)
 GET /api/walkin_enquiries 200 in 283ms (compile: 2ms, render: 281ms)
 GET /api/followups 200 in 421ms (compile: 8ms, render: 413ms)
 GET /api/walkin_enquiries 200 in 217ms (compile: 4ms, render: 213ms)
 GET /api/followups 200 in 484ms (compile: 8ms, render: 476ms)
 POST /api/attendance/heartbeat 200 in 323ms (compile: 2ms, render: 321ms)
 GET /api/walkin_enquiries 200 in 226ms (compile: 4ms, render: 222ms)
 GET /api/followups 200 in 424ms (compile: 8ms, render: 416ms)
 GET /api/walkin_enquiries 200 in 284ms (compile: 3ms, render: 281ms)
 GET /api/followups 200 in 402ms (compile: 8ms, render: 393ms)
 GET /api/walkin_enquiries 200 in 224ms (compile: 9ms, render: 216ms)
 GET /api/followups 200 in 388ms (compile: 2ms, render: 386ms)
 POST /api/attendance/heartbeat 200 in 319ms (compile: 2ms, render: 317ms)
 GET /api/walkin_enquiries 200 in 208ms (compile: 3ms, render: 205ms)
 GET /api/followups 200 in 475ms (compile: 8ms, render: 467ms)
 GET /api/walkin_enquiries 200 in 264ms (compile: 3ms, render: 261ms)
 GET /api/followups 200 in 449ms (compile: 7ms, render: 443ms)
 GET /api/walkin_enquiries 200 in 244ms (compile: 9ms, render: 235ms)
 GET /api/followups 200 in 422ms (compile: 4ms, render: 417ms)
 POST /api/attendance/heartbeat 200 in 304ms (compile: 2ms, render: 301ms)
 GET /api/walkin_enquiries 200 in 310ms (compile: 3ms, render: 307ms)
 GET /api/followups 200 in 530ms (compile: 8ms, render: 522ms)
 GET /api/walkin_enquiries 200 in 230ms (compile: 3ms, render: 226ms)
 GET /api/followups 200 in 455ms (compile: 25ms, render: 430ms)
 GET /api/walkin_enquiries 200 in 233ms (compile: 3ms, render: 231ms)
 GET /api/followups 200 in 414ms (compile: 8ms, render: 405ms)
 POST /api/attendance/heartbeat 200 in 320ms (compile: 2ms, render: 318ms)
 GET /api/walkin_enquiries 200 in 238ms (compile: 3ms, render: 235ms)
 GET /api/followups 200 in 408ms (compile: 8ms, render: 400ms)
 GET /api/walkin_enquiries 200 in 214ms (compile: 4ms, render: 210ms)
 GET /api/followups 200 in 476ms (compile: 13ms, render: 463ms)
 GET /api/walkin_enquiries 200 in 239ms (compile: 3ms, render: 237ms)
 GET /api/followups 200 in 471ms (compile: 8ms, render: 463ms)
 POST /api/attendance/heartbeat 200 in 338ms (compile: 2ms, render: 335ms)
 GET /api/walkin_enquiries 200 in 196ms (compile: 3ms, render: 193ms)
 GET /api/followups 200 in 391ms (compile: 8ms, render: 383ms)
 GET /api/walkin_enquiries 200 in 219ms (compile: 3ms, render: 216ms)
 GET /api/followups 200 in 420ms (compile: 6ms, render: 414ms)
 GET /api/walkin_enquiries 200 in 241ms (compile: 2ms, render: 239ms)
 GET /api/followups 200 in 406ms (compile: 7ms, render: 399ms)
 POST /api/attendance/heartbeat 200 in 304ms (compile: 2ms, render: 302ms)
 GET /api/walkin_enquiries 200 in 231ms (compile: 7ms, render: 224ms)
 GET /api/followups 200 in 459ms (compile: 3ms, render: 456ms)
 GET /api/walkin_enquiries 200 in 238ms (compile: 9ms, render: 229ms)
 GET /api/followups 200 in 415ms (compile: 3ms, render: 412ms)
 GET /api/walkin_enquiries 200 in 239ms (compile: 4ms, render: 235ms)
 GET /api/followups 200 in 390ms (compile: 8ms, render: 382ms)
 POST /api/attendance/heartbeat 200 in 413ms (compile: 2ms, render: 411ms)
 GET /api/walkin_enquiries 200 in 195ms (compile: 2ms, render: 193ms)
 GET /api/followups 200 in 464ms (compile: 6ms, render: 457ms)
 GET /api/walkin_enquiries 200 in 216ms (compile: 6ms, render: 209ms)
 GET /api/followups 200 in 434ms (compile: 2ms, render: 432ms)
 GET /api/walkin_enquiries 200 in 247ms (compile: 3ms, render: 245ms)
 GET /api/followups 200 in 482ms (compile: 3ms, render: 479ms)
 POST /api/attendance/heartbeat 200 in 341ms (compile: 3ms, render: 338ms)
 GET /api/walkin_enquiries 200 in 270ms (compile: 3ms, render: 268ms)
 GET /api/followups 200 in 381ms (compile: 3ms, render: 377ms)
 GET /api/walkin_enquiries 200 in 221ms (compile: 3ms, render: 218ms)
 GET /api/followups 200 in 460ms (compile: 6ms, render: 454ms)
 GET /api/walkin_enquiries 200 in 231ms (compile: 3ms, render: 228ms)
 GET /api/followups 200 in 428ms (compile: 7ms, render: 421ms)
 POST /api/attendance/heartbeat 200 in 318ms (compile: 1986µs, render: 316ms)
 GET /api/walkin_enquiries 200 in 239ms (compile: 3ms, render: 236ms)
 GET /api/followups 200 in 407ms (compile: 8ms, render: 398ms)
 GET /api/walkin_enquiries 200 in 202ms (compile: 3ms, render: 200ms)
 GET /api/followups 200 in 468ms (compile: 4ms, render: 464ms)
 GET /api/walkin_enquiries 200 in 163ms (compile: 3ms, render: 160ms)
 GET /api/followups 200 in 423ms (compile: 8ms, render: 415ms)
 POST /api/attendance/heartbeat 200 in 336ms (compile: 2ms, render: 334ms)
 GET /api/walkin_enquiries 200 in 197ms (compile: 4ms, render: 193ms)
 GET /api/followups 200 in 382ms (compile: 7ms, render: 375ms)
 GET /api/walkin_enquiries 200 in 223ms (compile: 3ms, render: 221ms)
 GET /api/followups 200 in 468ms (compile: 6ms, render: 462ms)
 GET /api/walkin_enquiries 200 in 234ms (compile: 3ms, render: 231ms)
 GET /api/followups 200 in 425ms (compile: 9ms, render: 416ms)
 POST /api/attendance/heartbeat 200 in 315ms (compile: 4ms, render: 310ms)
 GET /api/walkin_enquiries 200 in 237ms (compile: 3ms, render: 235ms)
 GET /api/followups 200 in 398ms (compile: 8ms, render: 389ms)
 GET /api/walkin_enquiries 200 in 220ms (compile: 3ms, render: 217ms)
 GET /api/followups 200 in 440ms (compile: 6ms, render: 433ms)
 GET /api/walkin_enquiries 200 in 237ms (compile: 2ms, render: 235ms)
 GET /api/followups 200 in 464ms (compile: 8ms, render: 456ms)
 POST /api/attendance/heartbeat 200 in 324ms (compile: 2ms, render: 322ms)
 GET /api/walkin_enquiries 200 in 237ms (compile: 3ms, render: 234ms)
 GET /api/followups 200 in 437ms (compile: 8ms, render: 429ms)
 GET /api/walkin_enquiries 200 in 223ms (compile: 3ms, render: 220ms)
 GET /api/followups 200 in 439ms (compile: 8ms, render: 431ms)
 GET /api/walkin_enquiries 200 in 229ms (compile: 3ms, render: 226ms)
 GET /api/followups 200 in 419ms (compile: 8ms, render: 411ms)
 POST /api/attendance/heartbeat 200 in 336ms (compile: 3ms, render: 333ms)
 GET /api/walkin_enquiries 200 in 237ms (compile: 3ms, render: 234ms)
 GET /api/followups 200 in 409ms (compile: 8ms, render: 401ms)
 GET /api/walkin_enquiries 200 in 223ms (compile: 4ms, render: 219ms)
 GET /api/followups 200 in 471ms (compile: 8ms, render: 463ms)
 GET /api/walkin_enquiries 200 in 221ms (compile: 3ms, render: 218ms)
 GET /api/followups 200 in 426ms (compile: 7ms, render: 419ms)
 POST /api/attendance/heartbeat 200 in 336ms (compile: 5ms, render: 331ms)
 GET /api/walkin_enquiries 200 in 235ms (compile: 4ms, render: 230ms)
 GET /api/followups 200 in 419ms (compile: 8ms, render: 411ms)
 GET /api/walkin_enquiries 200 in 242ms (compile: 2ms, render: 239ms)
 GET /api/followups 200 in 473ms (compile: 6ms, render: 467ms)
 GET /api/walkin_enquiries 200 in 227ms (compile: 2ms, render: 225ms)
 GET /api/followups 200 in 411ms (compile: 1983µs, render: 409ms)
 POST /api/attendance/heartbeat 200 in 313ms (compile: 3ms, render: 310ms)
 GET /api/walkin_enquiries 200 in 220ms (compile: 3ms, render: 217ms)
 GET /api/followups 200 in 399ms (compile: 8ms, render: 391ms)
 GET /api/walkin_enquiries 200 in 221ms (compile: 7ms, render: 214ms)
 GET /api/followups 200 in 460ms (compile: 3ms, render: 458ms)
 GET /api/walkin_enquiries 200 in 204ms (compile: 3ms, render: 201ms)
 GET /api/followups 200 in 421ms (compile: 8ms, render: 413ms)
 POST /api/attendance/heartbeat 200 in 325ms (compile: 3ms, render: 322ms)
 GET /api/walkin_enquiries 200 in 224ms (compile: 2ms, render: 222ms)
 GET /api/followups 200 in 421ms (compile: 7ms, render: 414ms)
 GET /api/walkin_enquiries 200 in 168ms (compile: 3ms, render: 166ms)
 GET /api/followups 200 in 435ms (compile: 8ms, render: 427ms)
 GET /api/walkin_enquiries 200 in 212ms (compile: 9ms, render: 203ms)
 GET /api/followups 200 in 388ms (compile: 3ms, render: 385ms)
 POST /api/attendance/heartbeat 200 in 305ms (compile: 2ms, render: 303ms)
 GET /api/walkin_enquiries 200 in 228ms (compile: 8ms, render: 220ms)
 GET /api/followups 200 in 411ms (compile: 3ms, render: 408ms)
 GET /api/walkin_enquiries 200 in 202ms (compile: 3ms, render: 200ms)
 GET /api/followups 200 in 425ms (compile: 6ms, render: 419ms)
 GET /api/walkin_enquiries 200 in 239ms (compile: 3ms, render: 236ms)
 GET /api/followups 200 in 399ms (compile: 7ms, render: 392ms)
 POST /api/attendance/heartbeat 200 in 343ms (compile: 4ms, render: 339ms)
 GET /api/walkin_enquiries 200 in 248ms (compile: 3ms, render: 245ms)
 GET /api/followups 200 in 562ms (compile: 2ms, render: 560ms)
 GET /api/walkin_enquiries 200 in 228ms (compile: 2ms, render: 226ms)
 GET /api/followups 200 in 433ms (compile: 7ms, render: 426ms)
 GET /api/walkin_enquiries 200 in 214ms (compile: 8ms, render: 205ms)
 GET /api/followups 200 in 470ms (compile: 3ms, render: 466ms)
 POST /api/attendance/heartbeat 200 in 358ms (compile: 2ms, render: 356ms)
 GET /api/walkin_enquiries 200 in 300ms (compile: 3ms, render: 297ms)
 GET /api/followups 200 in 488ms (compile: 2ms, render: 486ms)
 GET /api/walkin_enquiries 200 in 291ms (compile: 2ms, render: 288ms)
 GET /api/followups 200 in 410ms (compile: 5ms, render: 404ms)
 GET /api/walkin_enquiries 200 in 221ms (compile: 2ms, render: 219ms)
 GET /api/followups 200 in 447ms (compile: 6ms, render: 440ms)
 POST /api/attendance/heartbeat 200 in 339ms (compile: 2ms, render: 337ms)
 GET /api/walkin_enquiries 200 in 199ms (compile: 8ms, render: 190ms)
 GET /api/followups 200 in 408ms (compile: 3ms, render: 405ms)
 GET /api/walkin_enquiries 200 in 249ms (compile: 3ms, render: 246ms)
 GET /api/followups 200 in 461ms (compile: 7ms, render: 454ms)
 GET /api/walkin_enquiries 200 in 294ms (compile: 3ms, render: 291ms)
 GET /api/followups 200 in 413ms (compile: 8ms, render: 406ms)
 POST /api/attendance/heartbeat 200 in 312ms (compile: 2ms, render: 310ms)
 GET /api/walkin_enquiries 200 in 235ms (compile: 3ms, render: 232ms)
 GET /api/followups 200 in 437ms (compile: 9ms, render: 428ms)
 GET /api/walkin_enquiries 200 in 250ms (compile: 3ms, render: 247ms)
 GET /api/followups 200 in 417ms (compile: 6ms, render: 411ms)
 GET /api/walkin_enquiries 200 in 295ms (compile: 2ms, render: 292ms)
 GET /api/followups 200 in 419ms (compile: 7ms, render: 412ms)
 POST /api/attendance/heartbeat 200 in 306ms (compile: 3ms, render: 303ms)
 GET /api/walkin_enquiries 200 in 231ms (compile: 3ms, render: 228ms)
 GET /api/followups 200 in 466ms (compile: 3ms, render: 463ms)
 GET /api/walkin_enquiries 200 in 199ms (compile: 10ms, render: 190ms)
 GET /api/followups 200 in 450ms (compile: 4ms, render: 446ms)
 GET /api/walkin_enquiries 200 in 256ms (compile: 3ms, render: 253ms)
 GET /api/followups 200 in 447ms (compile: 9ms, render: 438ms)
 POST /api/attendance/heartbeat 200 in 360ms (compile: 2ms, render: 358ms)
 GET /api/walkin_enquiries 200 in 246ms (compile: 4ms, render: 242ms)
 GET /api/followups 200 in 403ms (compile: 1611µs, render: 402ms)
 GET /api/walkin_enquiries 200 in 208ms (compile: 2ms, render: 206ms)
 GET /api/followups 200 in 442ms (compile: 6ms, render: 436ms)
 GET /api/walkin_enquiries 200 in 226ms (compile: 4ms, render: 222ms)
 GET /api/followups 200 in 401ms (compile: 8ms, render: 393ms)
 POST /api/attendance/heartbeat 200 in 302ms (compile: 2ms, render: 299ms)
 GET /api/walkin_enquiries 200 in 222ms (compile: 3ms, render: 219ms)
 GET /api/followups 200 in 405ms (compile: 2ms, render: 403ms)
 GET /api/walkin_enquiries 200 in 224ms (compile: 2ms, render: 222ms)
 GET /api/followups 200 in 458ms (compile: 7ms, render: 451ms)
 GET /api/walkin_enquiries 200 in 212ms (compile: 4ms, render: 207ms)
 GET /api/followups 200 in 478ms (compile: 8ms, render: 471ms)
 POST /api/attendance/heartbeat 200 in 348ms (compile: 2ms, render: 345ms)
 GET /api/walkin_enquiries 200 in 248ms (compile: 4ms, render: 244ms)
 GET /api/followups 200 in 403ms (compile: 7ms, render: 396ms)
 GET /api/walkin_enquiries 200 in 251ms (compile: 8ms, render: 244ms)
 GET /api/followups 200 in 403ms (compile: 2ms, render: 401ms)
 GET /api/walkin_enquiries 200 in 216ms (compile: 4ms, render: 212ms)
 GET /api/followups 200 in 443ms (compile: 3ms, render: 439ms)
 POST /api/attendance/heartbeat 200 in 351ms (compile: 3ms, render: 348ms)
 GET /api/walkin_enquiries 200 in 181ms (compile: 4ms, render: 178ms)
 GET /api/followups 200 in 423ms (compile: 9ms, render: 414ms)
 GET /api/walkin_enquiries 200 in 249ms (compile: 2ms, render: 246ms)
 GET /api/followups 200 in 399ms (compile: 7ms, render: 391ms)
 GET /api/walkin_enquiries 200 in 230ms (compile: 4ms, render: 225ms)
 GET /api/followups 200 in 484ms (compile: 9ms, render: 475ms)
 POST /api/attendance/heartbeat 200 in 329ms (compile: 2ms, render: 327ms)
 GET /api/walkin_enquiries 200 in 254ms (compile: 3ms, render: 251ms)
 GET /api/followups 200 in 448ms (compile: 9ms, render: 439ms)
 GET /api/walkin_enquiries 200 in 218ms (compile: 3ms, render: 216ms)
 GET /api/followups 200 in 385ms (compile: 7ms, render: 377ms)
 GET /api/walkin_enquiries 200 in 198ms (compile: 3ms, render: 194ms)
 GET /api/followups 200 in 562ms (compile: 8ms, render: 554ms)
 GET /api/attendance/status?t=1787199647406 200 in 143ms (compile: 7ms, render: 136ms)
 GET /api/walkin_enquiries 200 in 220ms (compile: 6ms, render: 215ms)
 POST /api/attendance/heartbeat 200 in 368ms (compile: 8ms, render: 361ms)
 GET /api/followups 200 in 1074ms (compile: 15ms, render: 1059ms)
 GET /api/walkin_enquiries 200 in 280ms (compile: 8ms, render: 272ms)
 GET /api/followups 200 in 412ms (compile: 2ms, render: 410ms)
 GET /api/walkin_enquiries 200 in 232ms (compile: 3ms, render: 228ms)
 GET /api/followups 200 in 425ms (compile: 9ms, render: 416ms)
 GET /api/walkin_enquiries 200 in 217ms (compile: 10ms, render: 207ms)
 POST /api/attendance/heartbeat 200 in 393ms (compile: 32ms, render: 362ms)
 GET /api/followups 200 in 466ms (compile: 13ms, render: 453ms)
 GET /api/walkin_enquiries 200 in 233ms (compile: 9ms, render: 224ms)
 GET /api/followups 200 in 392ms (compile: 1926µs, render: 390ms)
 GET /api/walkin_enquiries 200 in 227ms (compile: 4ms, render: 223ms)
 GET /api/followups 200 in 379ms (compile: 8ms, render: 370ms)
 GET /api/walkin_enquiries 200 in 862ms (compile: 11ms, render: 851ms)
 POST /api/attendance/heartbeat 200 in 1007ms (compile: 6ms, render: 1001ms)
 GET /api/followups 200 in 1106ms (compile: 10ms, render: 1096ms)
 GET /api/walkin_enquiries 200 in 1270ms (compile: 22ms, render: 1249ms)
 POST /api/attendance/heartbeat 200 in 1317ms (compile: 9ms, render: 1308ms)
 GET /api/followups 200 in 1447ms (compile: 19ms, render: 1428ms)
 GET /api/walkin_enquiries 200 in 1303ms (compile: 14ms, render: 1289ms)
 POST /api/attendance/heartbeat 200 in 1410ms (compile: 32ms, render: 1379ms)
 GET /api/followups 200 in 1676ms (compile: 20ms, render: 1656ms)
 GET /api/walkin_enquiries 200 in 8.1s (compile: 40ms, render: 8.0s)
 POST /api/attendance/heartbeat 200 in 11.9s (compile: 20ms, render: 11.9s)
 GET /api/followups 200 in 12.3s (compile: 26ms, render: 12.2s)
Heartbeat error: Error: Connection terminated due to connection timeout
    at async query (src\lib\db.ts:72:18)
    at async POST (src\app\api\attendance\heartbeat\route.ts:34:26)
  70 |   params?: any[]
  71 | ): Promise<T[]> {
> 72 |   const client = await getPool().connect();
     |                  ^
  73 |   try {
  74 |     const result = await client.query(text, params);
  75 |     return result.rows as T[]; {
  [cause]: Error: Connection terminated unexpectedly
      at ignore-listed frames
}
 POST /api/attendance/heartbeat 500 in 5.6s (compile: 51ms, render: 5.5s)
GET Enquiries Error: Error: Connection terminated due to connection timeout
    at async query (src\lib\db.ts:72:18)
    at async GET (src\app\api\walkin_enquiries\route.ts:41:31)
  70 |   params?: any[]
  71 | ): Promise<T[]> {
> 72 |   const client = await getPool().connect();
     |                  ^
  73 |   try {
  74 |     const result = await client.query(text, params);
  75 |     return result.rows as T[]; {
  [cause]: Error: Connection terminated unexpectedly
      at ignore-listed frames
}
 GET /api/walkin_enquiries 500 in 5.6s (compile: 16ms, render: 5.6s)
GET followups error: Error: Connection terminated due to connection timeout
    at async query (src\lib\db.ts:72:18)
    at async GET (src\app\api\followups\route.ts:273:9)
  70 |   params?: any[]
  71 | ): Promise<T[]> {
> 72 |   const client = await getPool().connect();
     |                  ^
  73 |   try {
  74 |     const result = await client.query(text, params);
  75 |     return result.rows as T[]; {
  [cause]: Error: Connection terminated unexpectedly
      at ignore-listed frames
}
 GET /api/followups 500 in 6.0s (compile: 64ms, render: 6.0s)
 GET /api/walkin_enquiries 200 in 1328ms (compile: 23ms, render: 1305ms)
 POST /api/attendance/heartbeat 200 in 1475ms (compile: 7ms, render: 1468ms)
 GET /api/followups 200 in 1716ms (compile: 15ms, render: 1701ms)
GET Enquiries Error: Error: Connection terminated due to connection timeout
    at async query (src\lib\db.ts:72:18)
    at async GET (src\app\api\walkin_enquiries\route.ts:41:31)
  70 |   params?: any[]
  71 | ): Promise<T[]> {
> 72 |   const client = await getPool().connect();
     |                  ^
  73 |   try {
  74 |     const result = await client.query(text, params);
  75 |     return result.rows as T[]; {
  [cause]: Error: Connection terminated unexpectedly
      at ignore-listed frames
}
 GET /api/walkin_enquiries 500 in 5.1s (compile: 16ms, render: 5.1s)
GET followups error: Error: Connection terminated due to connection timeout
    at async query (src\lib\db.ts:72:18)
    at async GET (src\app\api\followups\route.ts:273:9)
  70 |   params?: any[]
  71 | ): Promise<T[]> {
> 72 |   const client = await getPool().connect();
     |                  ^
  73 |   try {
  74 |     const result = await client.query(text, params);
  75 |     return result.rows as T[]; {
  [cause]: Error: Connection terminated unexpectedly
      at ignore-listed frames
}
 GET /api/followups 500 in 5.2s (compile: 4ms, render: 5.2s)
Heartbeat error: Error: Connection terminated due to connection timeout
    at async query (src\lib\db.ts:72:18)
    at async POST (src\app\api\attendance\heartbeat\route.ts:34:26)
  70 |   params?: any[]
  71 | ): Promise<T[]> {
> 72 |   const client = await getPool().connect();
     |                  ^
  73 |   try {
  74 |     const result = await client.query(text, params);
  75 |     return result.rows as T[]; {
  [cause]: Error: Connection terminated unexpectedly
      at ignore-listed frames
}
 POST /api/attendance/heartbeat 500 in 5.3s (compile: 21ms, render: 5.3s)
GET Enquiries Error: Error: Connection terminated due to connection timeout
    at async query (src\lib\db.ts:72:18)
    at async GET (src\app\api\walkin_enquiries\route.ts:41:31)
  70 |   params?: any[]
  71 | ): Promise<T[]> {
> 72 |   const client = await getPool().connect();
     |                  ^
  73 |   try {
  74 |     const result = await client.query(text, params);
  75 |     return result.rows as T[]; {
  [cause]: Error: Connection terminated unexpectedly
      at ignore-listed frames
}
 GET /api/walkin_enquiries 500 in 5.1s (compile: 5ms, render: 5.1s)
GET followups error: Error: Connection terminated due to connection timeout
    at async query (src\lib\db.ts:72:18)
    at async GET (src\app\api\followups\route.ts:273:9)
  70 |   params?: any[]
  71 | ): Promise<T[]> {
> 72 |   const client = await getPool().connect();
     |                  ^
  73 |   try {
  74 |     const result = await client.query(text, params);
  75 |     return result.rows as T[]; {
  [cause]: Error: Connection terminated unexpectedly
      at ignore-listed frames
}
 GET /api/followups 500 in 5.2s (compile: 15ms, render: 5.2s)
Heartbeat error: Error: Connection terminated due to connection timeout
    at async query (src\lib\db.ts:72:18)
    at async POST (src\app\api\attendance\heartbeat\route.ts:34:26)
  70 |   params?: any[]
  71 | ): Promise<T[]> {
> 72 |   const client = await getPool().connect();
     |                  ^
  73 |   try {
  74 |     const result = await client.query(text, params);
  75 |     return result.rows as T[]; {
  [cause]: Error: Connection terminated unexpectedly
      at ignore-listed frames
}
 POST /api/attendance/heartbeat 500 in 5.4s (compile: 10ms, render: 5.4s)
GET Enquiries Error: Error: Connection terminated due to connection timeout
    at async query (src\lib\db.ts:72:18)
    at async GET (src\app\api\walkin_enquiries\route.ts:41:31)
  70 |   params?: any[]
  71 | ): Promise<T[]> {
> 72 |   const client = await getPool().connect();
     |                  ^
  73 |   try {
  74 |     const result = await client.query(text, params);
  75 |     return result.rows as T[]; {
  [cause]: Error: Connection terminated unexpectedly
      at ignore-listed frames
}
 GET /api/walkin_enquiries 500 in 5.1s (compile: 9ms, render: 5.1s)
Heartbeat error: Error: Connection terminated due to connection timeout
    at async query (src\lib\db.ts:72:18)
    at async POST (src\app\api\attendance\heartbeat\route.ts:34:26)
  70 |   params?: any[]
  71 | ): Promise<T[]> {
> 72 |   const client = await getPool().connect();
     |                  ^
  73 |   try {
  74 |     const result = await client.query(text, params);
  75 |     return result.rows as T[]; {
  [cause]: Error: Connection terminated unexpectedly
      at ignore-listed frames
}
 POST /api/attendance/heartbeat 500 in 5.2s (compile: 15ms, render: 5.2s)
GET followups error: Error: Connection terminated due to connection timeout
    at async query (src\lib\db.ts:72:18)
    at async GET (src\app\api\followups\route.ts:273:9)
  70 |   params?: any[]
  71 | ): Promise<T[]> {
> 72 |   const client = await getPool().connect();
     |                  ^
  73 |   try {
  74 |     const result = await client.query(text, params);
  75 |     return result.rows as T[]; {
  [cause]: Error: Connection terminated unexpectedly
      at ignore-listed frames
}
 GET /api/followups 500 in 5.3s (compile: 7ms, render: 5.3s)
 GET /api/walkin_enquiries 200 in 1523ms (compile: 6ms, render: 1517ms)
 POST /api/attendance/heartbeat 200 in 1818ms (compile: 4ms, render: 1814ms)
 GET /api/followups 200 in 1973ms (compile: 14ms, render: 1959ms)
Heartbeat error: Error: Connection terminated due to connection timeout
    at async query (src\lib\db.ts:72:18)
    at async POST (src\app\api\attendance\heartbeat\route.ts:34:26)
  70 |   params?: any[]
  71 | ): Promise<T[]> {
> 72 |   const client = await getPool().connect();
     |                  ^
  73 |   try {
  74 |     const result = await client.query(text, params);
  75 |     return result.rows as T[]; {
  [cause]: Error: Connection terminated unexpectedly
      at ignore-listed frames
}
 POST /api/attendance/heartbeat 500 in 5.1s (compile: 8ms, render: 5.1s)
GET Enquiries Error: Error: Connection terminated due to connection timeout
    at async query (src\lib\db.ts:72:18)
    at async GET (src\app\api\walkin_enquiries\route.ts:41:31)
  70 |   params?: any[]
  71 | ): Promise<T[]> {
> 72 |   const client = await getPool().connect();
     |                  ^
  73 |   try {
  74 |     const result = await client.query(text, params);
  75 |     return result.rows as T[]; {
  [cause]: Error: Connection terminated unexpectedly
      at ignore-listed frames
}
 GET /api/walkin_enquiries 500 in 5.2s (compile: 5ms, render: 5.2s)
GET followups error: Error: Connection terminated due to connection timeout
    at async query (src\lib\db.ts:72:18)
    at async GET (src\app\api\followups\route.ts:273:9)
  70 |   params?: any[]
  71 | ): Promise<T[]> {
> 72 |   const client = await getPool().connect();
     |                  ^
  73 |   try {
  74 |     const result = await client.query(text, params);
  75 |     return result.rows as T[]; {
  [cause]: Error: Connection terminated unexpectedly
      at ignore-listed frames
}
 GET /api/followups 500 in 5.2s (compile: 14ms, render: 5.2s)
Heartbeat error: Error: Connection terminated due to connection timeout
    at async query (src\lib\db.ts:72:18)
    at async POST (src\app\api\attendance\heartbeat\route.ts:34:26)
  70 |   params?: any[]
  71 | ): Promise<T[]> {
> 72 |   const client = await getPool().connect();
     |                  ^
  73 |   try {
  74 |     const result = await client.query(text, params);
  75 |     return result.rows as T[]; {
  [cause]: Error: Connection terminated unexpectedly
      at ignore-listed frames
}
 POST /api/attendance/heartbeat 500 in 5.1s (compile: 22ms, render: 5.1s)
GET followups error: Error: Connection terminated due to connection timeout
    at async query (src\lib\db.ts:72:18)
    at async GET (src\app\api\followups\route.ts:273:9)
  70 |   params?: any[]
  71 | ): Promise<T[]> {
> 72 |   const client = await getPool().connect();
     |                  ^
  73 |   try {
  74 |     const result = await client.query(text, params);
  75 |     return result.rows as T[]; {
  [cause]: Error: Connection terminated unexpectedly
      at ignore-listed frames
}
 GET /api/followups 500 in 5.2s (compile: 9ms, render: 5.2s)
GET Enquiries Error: Error: Connection terminated due to connection timeout
    at async query (src\lib\db.ts:72:18)
    at async GET (src\app\api\walkin_enquiries\route.ts:41:31)
  70 |   params?: any[]
  71 | ): Promise<T[]> {
> 72 |   const client = await getPool().connect();
     |                  ^
  73 |   try {
  74 |     const result = await client.query(text, params);
  75 |     return result.rows as T[]; {
  [cause]: Error: Connection terminated unexpectedly
      at ignore-listed frames
}
 GET /api/walkin_enquiries 500 in 5.3s (compile: 4ms, render: 5.3s)
GET followups error: Error: Connection terminated due to connection timeout
    at async query (src\lib\db.ts:72:18)
    at async GET (src\app\api\followups\route.ts:273:9)
  70 |   params?: any[]
  71 | ): Promise<T[]> {
> 72 |   const client = await getPool().connect();
     |                  ^
  73 |   try {
  74 |     const result = await client.query(text, params);
  75 |     return result.rows as T[]; {
  [cause]: Error: Connection terminated unexpectedly
      at ignore-listed frames
}
 GET /api/followups 500 in 5.1s (compile: 4ms, render: 5.1s)
Heartbeat error: Error: Connection terminated due to connection timeout
    at async query (src\lib\db.ts:72:18)
    at async POST (src\app\api\attendance\heartbeat\route.ts:34:26)
  70 |   params?: any[]
  71 | ): Promise<T[]> {
> 72 |   const client = await getPool().connect();
     |                  ^
  73 |   try {
  74 |     const result = await client.query(text, params);
  75 |     return result.rows as T[]; {
  [cause]: Error: Connection terminated unexpectedly
      at ignore-listed frames
}
 POST /api/attendance/heartbeat 500 in 5.2s (compile: 11ms, render: 5.2s)
GET Enquiries Error: Error: Connection terminated due to connection timeout
    at async query (src\lib\db.ts:72:18)
    at async GET (src\app\api\walkin_enquiries\route.ts:41:31)
  70 |   params?: any[]
  71 | ): Promise<T[]> {
> 72 |   const client = await getPool().connect();
     |                  ^
  73 |   try {
  74 |     const result = await client.query(text, params);
  75 |     return result.rows as T[]; {
  [cause]: Error: Connection terminated unexpectedly
      at ignore-listed frames
}
 GET /api/walkin_enquiries 500 in 5.3s (compile: 6ms, render: 5.3s)
